Component: ARM Compiler 5.06 update 6 (build 750) Tool: armlink [4d35ed]

==============================================================================

Section Cross References

    port_a.o(i.InitPortA) refers to port_a.o(i.SER0_Initialize) for SER0_Initialize
    port_a.o(i.InitPortA) refers to port_a.o(i.SER2_Initialize) for SER2_Initialize
    port_a.o(i.InitPortA) refers to port_a.o(i.SER3_Initialize) for SER3_Initialize
    port_a.o(i.UART2_Handler) refers to bt_control.o(i.BT_TakeAction) for BT_TakeAction
    port_a.o(i.UART3_Handler) refers to globalvariables.o(.bss) for T_MSG_IN
    port_a.o(i.UART3_Handler) refers to globalvariables.o(.data) for RxInd
    port_c.o(i.GPIOC_Handler) refers to globalvariables.o(.data) for REncoder
    port_d.o(i.InitPortD) refers to port_d.o(i.init_SSI2) for init_SSI2
    port_d.o(i.InitPortD) refers to port_d.o(i.init_ADC) for init_ADC
    port_f.o(i.InitPortF) refers to port_f.o(i.Init_PWM1_PF0_PF1) for Init_PWM1_PF0_PF1
    port_f.o(i.InitPortF) refers to port_f.o(i.Init_PWM1_PF2) for Init_PWM1_PF2
    port_h.o(i.GPIOH_Handler) refers to globalvariables.o(.data) for LEncoder
    bt_control.o(i.BT_TakeAction) refers to port_f.o(i.SetDuty_PWM1) for SetDuty_PWM1
    bt_control.o(i.BT_TakeAction) refers to port_f.o(i.SetDuty_PWM2) for SetDuty_PWM2
    bt_control.o(i.BT_TakeAction) refers to port_f.o(i.SetDuty_PWM3) for SetDuty_PWM3
    bt_control.o(i.BT_TakeAction) refers to port_p.o(i.SteeringMotor) for SteeringMotor
    bt_control.o(i.BT_TakeAction) refers to port_p.o(i.RightMotor) for RightMotor
    bt_control.o(i.BT_TakeAction) refers to port_p.o(i.LeftMotor) for LeftMotor
    bt_control.o(i.BT_TakeAction) refers to port_k.o(i.SteeringLS1) for SteeringLS1
    bt_control.o(i.BT_TakeAction) refers to port_k.o(i.SteeringLS2) for SteeringLS2
    bt_control.o(i.BT_TakeAction) refers to port_a.o(i.SER0_PutChar) for SER0_PutChar
    bt_control.o(i.BT_TakeAction) refers to port_b.o(i.Siren) for Siren
    bt_control.o(i.BT_TakeAction) refers to port_b.o(i.Lamp) for Lamp
    bt_control.o(i.Stop) refers to port_f.o(i.SetDuty_PWM1) for SetDuty_PWM1
    bt_control.o(i.Stop) refers to port_f.o(i.SetDuty_PWM2) for SetDuty_PWM2
    bt_control.o(i.Stop) refers to port_f.o(i.SetDuty_PWM3) for SetDuty_PWM3
    bt_control.o(i.Stop) refers to port_p.o(i.SteeringMotor) for SteeringMotor
    bt_control.o(i.Stop) refers to port_p.o(i.RightMotor) for RightMotor
    bt_control.o(i.Stop) refers to port_p.o(i.LeftMotor) for LeftMotor
    bt_control.o(i.Stop) refers to port_b.o(i.Lamp) for Lamp
    bt_control.o(i.Stop) refers to port_b.o(i.Siren) for Siren
    print_num.o(i.PrintDEC_Monitor) refers to port_a.o(i.SER0_PutChar) for SER0_PutChar
    print_num.o(i.PrintDEC_Plotter) refers to port_a.o(i.SER0_PutChar) for SER0_PutChar
    print_num.o(i.PrintHEX) refers to port_a.o(i.SER0_PutChar) for SER0_PutChar
    rb_protocol.o(i.ClearT_MSG_IN) refers to globalvariables.o(.bss) for T_MSG_IN
    rb_protocol.o(i.ClearT_MSG_IN) refers to globalvariables.o(.data) for RxInd
    rb_protocol.o(i.CreateMsg) refers to port_d.o(i.Read_SSI2) for Read_SSI2
    rb_protocol.o(i.CreateMsg) refers to port_e.o(i.ReadLF1) for ReadLF1
    rb_protocol.o(i.CreateMsg) refers to port_n.o(i.ReadLF2) for ReadLF2
    rb_protocol.o(i.CreateMsg) refers to port_k.o(i.SteeringLS2) for SteeringLS2
    rb_protocol.o(i.CreateMsg) refers to port_k.o(i.SteeringLS1) for SteeringLS1
    rb_protocol.o(i.CreateMsg) refers to port_k.o(i.BackLS) for BackLS
    rb_protocol.o(i.CreateMsg) refers to globalvariables.o(.bss) for T_MSG_OUT
    rb_protocol.o(i.CreateMsg) refers to globalvariables.o(.data) for SpeedR
    rb_protocol.o(i.HandleInputMSG) refers to rb_protocol.o(i.PrintMSG) for PrintMSG
    rb_protocol.o(i.HandleInputMSG) refers to port_b.o(i.Siren) for Siren
    rb_protocol.o(i.HandleInputMSG) refers to port_b.o(i.Lamp) for Lamp
    rb_protocol.o(i.HandleInputMSG) refers to port_p.o(i.RightMotor) for RightMotor
    rb_protocol.o(i.HandleInputMSG) refers to port_p.o(i.LeftMotor) for LeftMotor
    rb_protocol.o(i.HandleInputMSG) refers to print_num.o(i.PrintDEC_Monitor) for PrintDEC_Monitor
    rb_protocol.o(i.HandleInputMSG) refers to port_f.o(i.SetDuty_PWM1) for SetDuty_PWM1
    rb_protocol.o(i.HandleInputMSG) refers to port_f.o(i.SetDuty_PWM2) for SetDuty_PWM2
    rb_protocol.o(i.HandleInputMSG) refers to port_f.o(i.SetDuty_PWM3) for SetDuty_PWM3
    rb_protocol.o(i.HandleInputMSG) refers to port_p.o(i.SteeringMotor) for SteeringMotor
    rb_protocol.o(i.HandleInputMSG) refers to rb_protocol.o(i.ClearT_MSG_IN) for ClearT_MSG_IN
    rb_protocol.o(i.HandleInputMSG) refers to globalvariables.o(.bss) for T_MSG_IN
    rb_protocol.o(i.HandleInputMSG) refers to globalvariables.o(.data) for REC
    rb_protocol.o(i.PrintMSG) refers to port_a.o(i.SER0_PutChar) for SER0_PutChar
    rb_protocol.o(i.PrintMSG) refers to globalvariables.o(.bss) for T_MSG_IN
[...]
    handleincen.o(i.UpdateDistances) refers to globalvariables.o(.data) for CurrentDistanceR
    timera1.o(i.TIMER1A_Handler) refers to handleincen.o(i.UpdateDistances) for UpdateDistances
    timera1.o(i.TIMER1A_Handler) refers to handleincen.o(i.FindSpeed) for FindSpeed
    timera1.o(i.TIMER1A_Handler) refers to globalvariables.o(.data) for hundMill
    startup_tm4c129.o(STACK) refers (Special) to heapauxi.o(.text) for __use_two_region_memory
    startup_tm4c129.o(HEAP) refers (Special) to heapauxi.o(.text) for __use_two_region_memory
    startup_tm4c129.o(RESET) refers (Special) to heapauxi.o(.text) for __use_two_region_memory
    startup_tm4c129.o(RESET) refers to startup_tm4c129.o(STACK) for __initial_sp
    startup_tm4c129.o(RESET) refers to startup_tm4c129.o(.text) for Reset_Handler
    startup_tm4c129.o(RESET) refers to port_c.o(i.GPIOC_Handler) for GPIOC_Handler
    startup_tm4c129.o(RESET) refers to timera0.o(i.TIMER0A_Handler) for TIMER0A_Handler
    startup_tm4c129.o(RESET) refers to timera1.o(i.TIMER1A_Handler) for TIMER1A_Handler
    startup_tm4c129.o(RESET) refers to port_h.o(i.GPIOH_Handler) for GPIOH_Handler
    startup_tm4c129.o(RESET) refers to port_a.o(i.UART2_Handler) for UART2_Handler
    startup_tm4c129.o(RESET) refers to port_a.o(i.UART3_Handler) for UART3_Handler
    startup_tm4c129.o(.text) refers (Special) to heapauxi.o(.text) for __use_two_region_memory
    startup_tm4c129.o(.text) refers to system_tm4c129.o(i.SystemInit) for SystemInit
    startup_tm4c129.o(.text) refers to __main.o(!!!main) for __main
    startup_tm4c129.o(.text) refers to startup_tm4c129.o(HEAP) for Heap_Mem
    startup_tm4c129.o(.text) refers to startup_tm4c129.o(STACK) for Stack_Mem
    system_tm4c129.o(i.SystemCoreClockUpdate) refers to system_tm4c129.o(.data) for SystemCoreClock
    system_tm4c129.o(i.SystemInit) refers to system_tm4c129.o(.data) for SystemCoreClock
    __main.o(!!!main) refers to __rtentry.o(.ARM.Collect$$rtentry$$00000000) for __rt_entry
    dfix.o(x$fpl$dfix) refers (Special) to usenofp.o(x$fpl$usenofp) for __I$use$fp
    dfix.o(x$fpl$dfix) refers to dnaninf.o(x$fpl$dnaninf) for __fpl_dnaninf
    dfix.o(x$fpl$dfixr) refers (Special) to usenofp.o(x$fpl$usenofp) for __I$use$fp
    dfix.o(x$fpl$dfixr) refers to dnaninf.o(x$fpl$dnaninf) for __fpl_dnaninf
    dflt_clz.o(x$fpl$dfltu) refers (Special) to usenofp.o(x$fpl$usenofp) for __I$use$fp
    dflt_clz.o(x$fpl$dflt) refers (Special) to usenofp.o(x$fpl$usenofp) for __I$use$fp
    dflt_clz.o(x$fpl$dfltn) refers (Special) to usenofp.o(x$fpl$usenofp) for __I$use$fp
    dmul.o(x$fpl$dmul) refers (Special) to usenofp.o(x$fpl$usenofp) for __I$use$fp
    dmul.o(x$fpl$dmul) refers to dretinf.o(x$fpl$dretinf) for __fpl_dretinf
    dmul.o(x$fpl$dmul) refers to dnaninf.o(x$fpl$dnaninf) for __fpl_dnaninf
    __rtentry.o(.ARM.Collect$$rtentry$$00000000) refers (Special) to __rtentry2.o(.ARM.Collect$$rtentry$$0000000A) for __rt_entry_li
    __rtentry.o(.ARM.Collect$$rtentry$$00000000) refers (Special) to __rtentry2.o(.ARM.Collect$$rtentry$$0000000D) for __rt_entry_main
    __rtentry.o(.ARM.Collect$$rtentry$$00000000) refers (Special) to __rtentry2.o(.ARM.Collect$$rtentry$$0000000C) for __rt_entry_postli_1
    __rtentry.o(.ARM.Collect$$rtentry$$00000000) refers (Special) to __rtentry2.o(.ARM.Collect$$rtentry$$00000009) for __rt_entry_postsh_1
    __rtentry.o(.ARM.Collect$$rtentry$$00000000) refers (Special) to __rtentry2.o(.ARM.Collect$$rtentry$$00000002) for __rt_entry_presh_1
    __rtentry.o(.ARM.Collect$$rtentry$$00000000) refers (Special) to __rtentry4.o(.ARM.Collect$$rtentry$$00000004) for __rt_entry_sh
    dnaninf.o(x$fpl$dnaninf) refers (Special) to usenofp.o(x$fpl$usenofp) for __I$use$fp
    dretinf.o(x$fpl$dretinf) refers (Special) to usenofp.o(x$fpl$usenofp) for __I$use$fp
    __rtentry2.o(.ARM.Collect$$rtentry$$00000008) refers to boardinit2.o(.text) for _platform_post_stackheap_init
    __rtentry2.o(.ARM.Collect$$rtentry$$0000000A) refers to libinit.o(.ARM.Collect$$libinit$$00000000) for __rt_lib_init
    __rtentry2.o(.ARM.Collect$$rtentry$$0000000B) refers to boardinit3.o(.text) for _platform_post_lib_init
    __rtentry2.o(.ARM.Collect$$rtentry$$0000000D) refers to test_bt_fw.o(i.main) for main
    __rtentry2.o(.ARM.Collect$$rtentry$$0000000D) refers to exit.o(.text) for exit
    __rtentry2.o(.ARM.exidx) refers to __rtentry2.o(.ARM.Collect$$rtentry$$00000001) for .ARM.Collect$$rtentry$$00000001
    __rtentry2.o(.ARM.exidx) refers to __rtentry2.o(.ARM.Collect$$rtentry$$00000008) for .ARM.Collect$$rtentry$$00000008
    __rtentry2.o(.ARM.exidx) refers to __rtentry2.o(.ARM.Collect$$rtentry$$0000000A) for .ARM.Collect$$rtentry$$0000000A
    __rtentry2.o(.ARM.exidx) refers to __rtentry2.o(.ARM.Collect$$rtentry$$0000000B) for .ARM.Collect$$rtentry$$0000000B
    __rtentry2.o(.ARM.exidx) refers to __rtentry2.o(.ARM.Collect$$rtentry$$0000000D) for .ARM.Collect$$rtentry$$0000000D
    __rtentry4.o(.ARM.Collect$$rtentry$$00000004) refers to sys_stackheap_outer.o(.text) for __user_setup_stackheap
    __rtentry4.o(.ARM.exidx) refers to __rtentry4.o(.ARM.Collect$$rtentry$$00000004) for .ARM.Collect$$rtentry$$00000004
    sys_stackheap_outer.o(.text) refers to libspace.o(.text) for __user_perproc_libspace
    sys_stackheap_outer.o(.text) refers to startup_tm4c129.o(.text) for __user_initial_stackheap
    exit.o(.text) refers to rtexit.o(.ARM.Collect$$rtexit$$00000000) for __rt_exit
    libinit.o(.ARM.Collect$$libinit$$00000000) refers (Special) to libinit2.o(.ARM.Collect$$libinit$$0000002E) for __rt_lib_init_alloca_1
    libinit.o(.ARM.Collect$$libinit$$00000000) refers (Special) to libinit2.o(.ARM.Collect$$libinit$$0000002C) for __rt_lib_init_argv_1
    libinit.o(.ARM.Collect$$libinit$$00000000) refers (Special) to libinit2.o(.ARM.Collect$$libinit$$0000001B) for __rt_lib_init_atexit_1
    libinit.o(.ARM.Collect$$libinit$$00000000) refers (Special) to libinit2.o(.ARM.Collect$$libinit$$00000021) for __rt_lib_init_clock_1
    libinit.o(.ARM.Collect$$libinit$$00000000) refers (Special) to libinit2.o(.ARM.Collect$$libinit$$00000032) for __rt_lib_init_cpp_1
    libinit.o(.ARM.Collect$$libinit$$00000000) refers (Special) to libinit2.o(.ARM.Collect$$libinit$$00000030) for __rt_lib_init_exceptions_1
    libinit.o(.ARM.Collect$$libinit$$00000000) refers (Special) to libinit2.o(.ARM.Collect$$libinit$$00000001) for __rt_lib_init_fp_1
    libinit.o(.ARM.Collect$$libinit$$00000000) refers (Special) to libinit2.o(.ARM.Collect$$libinit$$0000001F) for __rt_lib_init_fp_trap_1
    libinit.o(.ARM.Collect$$libinit$$00000000) refers (Special) to libinit2.o(.ARM.Collect$$libinit$$00000023) for __rt_lib_init_getenv_1
    libinit.o(.ARM.Collect$$libinit$$00000000) refers (Special) to libinit2.o(.ARM.Collect$$libinit$$0000000A) for __rt_lib_init_heap_1
    libinit.o(.ARM.Collect$$libinit$$00000000) refers (Special) to libinit2.o(.ARM.Collect$$libinit$$00000011) for __rt_lib_init_lc_collate_1
    libinit.o(.ARM.Collect$$libinit$$00000000) refers (Special) to libinit2.o(.ARM.Collect$$libinit$$00000013) for __rt_lib_init_lc_ctype_1
    libinit.o(.ARM.Collect$$libinit$$00000000) refers (Special) to libinit2.o(.ARM.Collect$$libinit$$00000015) for __rt_lib_init_lc_monetary_1
    libinit.o(.ARM.Collect$$libinit$$00000000) refers (Special) to libinit2.o(.ARM.Collect$$libinit$$00000017) for __rt_lib_init_lc_numeric_1
    libinit.o(.ARM.Collect$$libinit$$00000000) refers (Special) to libinit2.o(.ARM.Collect$$libinit$$00000019) for __rt_lib_init_lc_time_1
    libinit.o(.ARM.Collect$$libinit$$00000000) refers (Special) to libinit2.o(.ARM.Collect$$libinit$$00000004) for __rt_lib_init_preinit_1
    libinit.o(.ARM.Collect$$libinit$$00000000) refers (Special) to libinit2.o(.ARM.Collect$$libinit$$0000000E) for __rt_lib_init_rand_1
    libinit.o(.ARM.Collect$$libinit$$00000000) refers (Special) to libinit2.o(.ARM.Collect$$libinit$$00000033) for __rt_lib_init_return
    libinit.o(.ARM.Collect$$libinit$$00000000) refers (Special) to libinit2.o(.ARM.Collect$$libinit$$0000001D) for __rt_lib_init_signal_1
    libinit.o(.ARM.Collect$$libinit$$00000000) refers (Special) to libinit2.o(.ARM.Collect$$libinit$$00000025) for __rt_lib_init_stdio_1
    libinit.o(.ARM.Collect$$libinit$$00000000) refers (Special) to libinit2.o(.ARM.Collect$$libinit$$0000000C) for __rt_lib_init_user_alloc_1
    libspace.o(.text) refers to libspace.o(.bss) for __libspace_start
    rtexit.o(.ARM.Collect$$rtexit$$00000000) refers (Special) to rtexit2.o(.ARM.Collect$$rtexit$$00000004) for __rt_exit_exit
    rtexit.o(.ARM.Collect$$rtexit$$00000000) refers (Special) to rtexit2.o(.ARM.Collect$$rtexit$$00000003) for __rt_exit_ls
    rtexit.o(.ARM.Collect$$rtexit$$00000000) refers (Special) to rtexit2.o(.ARM.Collect$$rtexit$$00000002) for __rt_exit_prels_1
    rtexit.o(.ARM.exidx) refers (Special) to rtexit2.o(.ARM.Collect$$rtexit$$00000004) for __rt_exit_exit
    rtexit.o(.ARM.exidx) refers (Special) to rtexit2.o(.ARM.Collect$$rtexit$$00000003) for __rt_exit_ls
    rtexit.o(.ARM.exidx) refers (Special) to rtexit2.o(.ARM.Collect$$rtexit$$00000002) for __rt_exit_prels_1
    rtexit.o(.ARM.exidx) refers to rtexit.o(.ARM.Collect$$rtexit$$00000000) for .ARM.Collect$$rtexit$$00000000
    libinit2.o(.ARM.Collect$$libinit$$00000001) refers to fpinit.o(x$fpl$fpinit) for _fp_init
    libinit2.o(.ARM.Collect$$libinit$$00000010) refers to libinit2.o(.ARM.Collect$$libinit$$0000000F) for .ARM.Collect$$libinit$$0000000F
    libinit2.o(.ARM.Collect$$libinit$$00000012) refers to libinit2.o(.ARM.Collect$$libinit$$0000000F) for .ARM.Collect$$libinit$$0000000F
    libinit2.o(.ARM.Collect$$libinit$$00000014) refers to libinit2.o(.ARM.Collect$$libinit$$0000000F) for .ARM.Collect$$libinit$$0000000F
    libinit2.o(.ARM.Collect$$libinit$$00000016) refers to libinit2.o(.ARM.Collect$$libinit$$0000000F) for .ARM.Collect$$libinit$$0000000F
    libinit2.o(.ARM.Collect$$libinit$$00000018) refers to libinit2.o(.ARM.Collect$$libinit$$0000000F) for .ARM.Collect$$libinit$$0000000F
    libinit2.o(.ARM.Collect$$libinit$$00000026) refers to argv_veneer.o(.emb_text) for __ARM_argv_veneer
    libinit2.o(.ARM.Collect$$libinit$$00000027) refers to argv_veneer.o(.emb_text) for __ARM_argv_veneer
    rtexit2.o(.ARM.Collect$$rtexit$$00000003) refers to libshutdown.o(.ARM.Collect$$libshutdown$$00000000) for __rt_lib_shutdown
    rtexit2.o(.ARM.Collect$$rtexit$$00000004) refers to sys_exit.o(.text) for _sys_exit
    rtexit2.o(.ARM.exidx) refers to rtexit2.o(.ARM.Collect$$rtexit$$00000001) for .ARM.Collect$$rtexit$$00000001
    rtexit2.o(.ARM.exidx) refers to rtexit2.o(.ARM.Collect$$rtexit$$00000003) for .ARM.Collect$$rtexit$$00000003
    rtexit2.o(.ARM.exidx) refers to rtexit2.o(.ARM.Collect$$rtexit$$00000004) for .ARM.Collect$$rtexit$$00000004
    argv_veneer.o(.emb_text) refers to no_argv.o(.text) for __ARM_get_argv
    sys_exit.o(.text) refers (Special) to use_no_semi.o(.text) for __I$use$semihosting
    sys_exit.o(.text) refers (Special) to indicate_semi.o(.text) for __semihosting_library_function
    _get_argv_nomalloc.o(.text) refers (Special) to hrguard.o(.text) for __heap_region$guard
    _get_argv_nomalloc.o(.text) refers to defsig_rtmem_outer.o(.text) for __rt_SIGRTMEM
    _get_argv_nomalloc.o(.text) refers to sys_command.o(.text) for _sys_command_string
    libshutdown.o(.ARM.Collect$$libshutdown$$00000000) refers (Special) to libshutdown2.o(.ARM.Collect$$libshutdown$$00000002) for __rt_lib_shutdown_cpp_1
    libshutdown.o(.ARM.Collect$$libshutdown$$00000000) refers (Special) to libshutdown2.o(.ARM.Collect$$libshutdown$$00000007) for __rt_lib_shutdown_fp_trap_1
    libshutdown.o(.ARM.Collect$$libshutdown$$00000000) refers (Special) to libshutdown2.o(.ARM.Collect$$libshutdown$$0000000F) for __rt_lib_shutdown_heap_1
    libshutdown.o(.ARM.Collect$$libshutdown$$00000000) refers (Special) to libshutdown2.o(.ARM.Collect$$libshutdown$$00000010) for __rt_lib_shutdown_return
    libshutdown.o(.ARM.Collect$$libshutdown$$00000000) refers (Special) to libshutdown2.o(.ARM.Collect$$libshutdown$$0000000A) for __rt_lib_shutdown_signal_1
    libshutdown.o(.ARM.Collect$$libshutdown$$00000000) refers (Special) to libshutdown2.o(.ARM.Collect$$libshutdown$$00000004) for __rt_lib_shutdown_stdio_1
    libshutdown.o(.ARM.Collect$$libshutdown$$00000000) refers (Special) to libshutdown2.o(.ARM.Collect$$libshutdown$$0000000C) for __rt_lib_shutdown_user_alloc_1
    sys_command.o(.text) refers (Special) to use_no_semi.o(.text) for __I$use$semihosting
    sys_command.o(.text) refers (Special) to indicate_semi.o(.text) for __semihosting_library_function
    defsig_rtmem_outer.o(.text) refers to defsig_rtmem_inner.o(.text) for __rt_SIGRTMEM_inner
    defsig_rtmem_outer.o(.text) refers to defsig_exit.o(.text) for __sig_exit
    defsig_rtmem_formal.o(.text) refers to rt_raise.o(.text) for __rt_raise
    rt_raise.o(.text) refers to __raise.o(.text) for __raise
    rt_raise.o(.text) refers to sys_exit.o(.text) for _sys_exit
    defsig_exit.o(.text) refers to sys_exit.o(.text) for _sys_exit
    defsig_rtmem_inner.o(.text) refers to defsig_general.o(.text) for __default_signal_display
    __raise.o(.text) refers to defsig.o(CL$$defsig) for __default_signal_handler
    defsig_general.o(.text) refers to sys_wrch.o(.text) for _ttywrch
    sys_wrch.o(.text) refers (Special) to use_no_semi.o(.text) for __I$use$semihosting
    sys_wrch.o(.text) refers (Special) to indicate_semi.o(.text) for __semihosting_library_function
    defsig.o(CL$$defsig) refers to defsig_rtmem_inner.o(.text) for __rt_SIGRTMEM_inner
    defsig_abrt_inner.o(.text) refers to defsig_general.o(.text) for __default_signal_display
    defsig_fpe_inner.o(.text) refers to defsig_general.o(.text) for __default_signal_display
    defsig_rtred_inner.o(.text) refers to defsig_general.o(.text) for __default_signal_display
    defsig_stak_inner.o(.text) refers to defsig_general.o(.text) for __default_signal_display
    defsig_pvfn_inner.o(.text) refers to defsig_general.o(.text) for __default_signal_display
    defsig_cppl_inner.o(.text) refers to defsig_general.o(.text) for __default_signal_display
    defsig_segv_inner.o(.text) refers to defsig_general.o(.text) for __default_signal_display
    defsig_other.o(.text) refers to defsig_general.o(.text) for __default_signal_display


==============================================================================

Removing Unused input sections from the image.

    Removing clock_setting.o(.rev16_text), (4 bytes).
    Removing clock_setting.o(.revsh_text), (4 bytes).
    Removing clock_setting.o(.rrx_text), (6 bytes).
    Removing port_a.o(.rev16_text), (4 bytes).
    Removing port_a.o(.revsh_text), (4 bytes).
    Removing port_a.o(.rrx_text), (6 bytes).
    Removing port_a.o(i.SER0_GetChar), (28 bytes).
    Removing port_a.o(i.SER2_GetChar), (28 bytes).
    Removing port_a.o(i.SER2_PutChar), (28 bytes).
    Removing port_a.o(i.SER3_GetChar), (28 bytes).
    Removing port_b.o(.rev16_text), (4 bytes).
    Removing port_b.o(.revsh_text), (4 bytes).
    Removing port_b.o(.rrx_text), (6 bytes).
    Removing port_c.o(.rev16_text), (4 bytes).
    Removing port_c.o(.revsh_text), (4 bytes).
    Removing port_c.o(.rrx_text), (6 bytes).
    Removing port_d.o(.rev16_text), (4 bytes).
    Removing port_d.o(.revsh_text), (4 bytes).
    Removing port_d.o(.rrx_text), (6 bytes).
    Removing port_d.o(i.ADC_READ), (48 bytes).
    Removing port_d.o(i.ADC_SelectChannel), (124 bytes).
    Removing port_e.o(.rev16_text), (4 bytes).
    Removing port_e.o(.revsh_text), (4 bytes).
    Removing port_e.o(.rrx_text), (6 bytes).
    Removing port_f.o(.rev16_text), (4 bytes).
    Removing port_f.o(.revsh_text), (4 bytes).
    Removing port_f.o(.rrx_text), (6 bytes).
    Removing port_h.o(.rev16_text), (4 bytes).
    Removing port_h.o(.revsh_text), (4 bytes).
    Removing port_h.o(.rrx_text), (6 bytes).
    Removing port_k.o(.rev16_text), (4 bytes).
    Removing port_k.o(.revsh_text), (4 bytes).
    Removing port_k.o(.rrx_text), (6 bytes).
    Removing port_n.o(.rev16_text), (4 bytes).
    Removing port_n.o(.revsh_text), (4 bytes).
    Removing port_n.o(.rrx_text), (6 bytes).
    Removing port_p.o(.rev16_text), (4 bytes).
    Removing port_p.o(.revsh_text), (4 bytes).
    Removing port_p.o(.rrx_text), (6 bytes).
    Removing bt_control.o(.rev16_text), (4 bytes).
    Removing bt_control.o(.revsh_text), (4 bytes).
    Removing bt_control.o(.rrx_text), (6 bytes).
    Removing print_num.o(.rev16_text), (4 bytes).
    Removing print_num.o(.revsh_text), (4 bytes).
    Removing print_num.o(.rrx_text), (6 bytes).
    Removing print_num.o(i.PrintDEC_Plotter), (156 bytes).
    Removing print_num.o(i.PrintHEX), (70 bytes).
    Removing rb_protocol.o(.rev16_text), (4 bytes).
    Removing rb_protocol.o(.revsh_text), (4 bytes).
    Removing rb_protocol.o(.rrx_text), (6 bytes).
    Removing test_bt_fw.o(.rev16_text), (4 bytes).
    Removing test_bt_fw.o(.revsh_text), (4 bytes).
    Removing test_bt_fw.o(.rrx_text), (6 bytes).
    Removing timera0.o(.rev16_text), (4 bytes).
    Removing timera0.o(.revsh_text), (4 bytes).
    Removing timera0.o(.rrx_text), (6 bytes).
    Removing globalvariables.o(.rev16_text), (4 bytes).
    Removing globalvariables.o(.revsh_text), (4 bytes).
    Removing globalvariables.o(.rrx_text), (6 bytes).
    Removing handleincen.o(.rev16_text), (4 bytes).
    Removing handleincen.o(.revsh_text), (4 bytes).
    Removing handleincen.o(.rrx_text), (6 bytes).
    Removing handleincen.o(.data), (1 bytes).
    Removing timera1.o(.rev16_text), (4 bytes).
    Removing timera1.o(.revsh_text), (4 bytes).
    Removing timera1.o(.rrx_text), (6 bytes).
    Removing system_tm4c129.o(.rev16_text), (4 bytes).
    Removing system_tm4c129.o(.revsh_text), (4 bytes).
    Removing system_tm4c129.o(.rrx_text), (6 bytes).
    Removing system_tm4c129.o(i.SystemCoreClockUpdate), (16 bytes).

70 unused section(s) (total 807 bytes) removed from the image.

==============================================================================

Image Symbol Table

    Local Symbols

    Symbol Name                              Value     Ov Type        Size  Object(Section)

    RESET                                    0x00000000   Section      512  startup_tm4c129.o(RESET)
    ../clib/angel/boardlib.s                 0x00000000   Number         0  boardinit1.o ABSOLUTE
    ../clib/angel/boardlib.s                 0x00000000   Number         0  boardinit2.o ABSOLUTE
    ../clib/angel/boardlib.s                 0x00000000   Number         0  boardinit3.o ABSOLUTE
    ../clib/angel/boardlib.s                 0x00000000   Number         0  boardshut.o ABSOLUTE
    ../clib/angel/handlers.s                 0x00000000   Number         0  __scatter_copy.o ABSOLUTE
    ../clib/angel/handlers.s                 0x00000000   Number         0  __scatter_zi.o ABSOLUTE
    ../clib/angel/kernel.s                   0x00000000   Number         0  __rtentry2.o ABSOLUTE
    ../clib/angel/kernel.s                   0x00000000   Number         0  __rtentry.o ABSOLUTE
    ../clib/angel/kernel.s                   0x00000000   Number         0  rtexit.o ABSOLUTE
    ../clib/angel/kernel.s                   0x00000000   Number         0  rtexit2.o ABSOLUTE
    ../clib/angel/kernel.s                   0x00000000   Number         0  __rtentry4.o ABSOLUTE
    ../clib/angel/rt.s                       0x00000000   Number         0  rt_raise.o ABSOLUTE
    ../clib/angel/scatter.s                  0x00000000   Number         0  __scatter.o ABSOLUTE
    ../clib/angel/startup.s                  0x00000000   Number         0  __main.o ABSOLUTE
    ../clib/angel/sys.s                      0x00000000   Number         0  indicate_semi.o ABSOLUTE
    ../clib/angel/sys.s                      0x00000000   Number         0  sys_stackheap_outer.o ABSOLUTE
    ../clib/angel/sys.s                      0x00000000   Number         0  libspace.o ABSOLUTE
    ../clib/angel/sys.s                      0x00000000   Number         0  use_no_semi.o ABSOLUTE
    ../clib/angel/sysapp.c                   0x00000000   Number         0  sys_wrch.o ABSOLUTE
    ../clib/angel/sysapp.c                   0x00000000   Number         0  sys_command.o ABSOLUTE
    ../clib/angel/sysapp.c                   0x00000000   Number         0  sys_exit.o ABSOLUTE
    ../clib/armsys.c                         0x00000000   Number         0  argv_veneer.o ABSOLUTE
    ../clib/armsys.c                         0x00000000   Number         0  argv_veneer.o ABSOLUTE
    ../clib/armsys.c                         0x00000000   Number         0  _get_argv_nomalloc.o ABSOLUTE
    ../clib/armsys.c                         0x00000000   Number         0  no_argv.o ABSOLUTE
    ../clib/heapalloc.c                      0x00000000   Number         0  hrguard.o ABSOLUTE
    ../clib/heapaux.c                        0x00000000   Number         0  heapauxi.o ABSOLUTE
    ../clib/libinit.s                        0x00000000   Number         0  libshutdown2.o ABSOLUTE
    ../clib/libinit.s                        0x00000000   Number         0  libshutdown.o ABSOLUTE
    ../clib/libinit.s                        0x00000000   Number         0  libinit2.o ABSOLUTE
    ../clib/libinit.s                        0x00000000   Number         0  libinit.o ABSOLUTE
    ../clib/signal.c                         0x00000000   Number         0  defsig_stak_inner.o ABSOLUTE
    ../clib/signal.c                         0x00000000   Number         0  defsig_rtmem_outer.o ABSOLUTE
    ../clib/signal.c                         0x00000000   Number         0  defsig_other.o ABSOLUTE
    ../clib/signal.c                         0x00000000   Number         0  defsig_segv_inner.o ABSOLUTE
    ../clib/signal.c                         0x00000000   Number         0  __raise.o ABSOLUTE
    ../clib/signal.c                         0x00000000   Number         0  defsig_pvfn_inner.o ABSOLUTE
    ../clib/signal.c                         0x00000000   Number         0  defsig_general.o ABSOLUTE
    ../clib/signal.c                         0x00000000   Number         0  defsig_rtred_inner.o ABSOLUTE
    ../clib/signal.c                         0x00000000   Number         0  defsig_rtmem_formal.o ABSOLUTE
    ../clib/signal.c                         0x00000000   Number         0  defsig_cppl_inner.o ABSOLUTE
    ../clib/signal.c                         0x00000000   Number         0  defsig_fpe_inner.o ABSOLUTE
    ../clib/signal.c                         0x00000000   Number         0  defsig_abrt_inner.o ABSOLUTE
    ../clib/signal.c                         0x00000000   Number         0  defsig_exit.o ABSOLUTE
    ../clib/signal.c                         0x00000000   Number         0  defsig_rtmem_inner.o ABSOLUTE
    ../clib/signal.s                         0x00000000   Number         0  defsig.o ABSOLUTE
    ../clib/stdlib.c                         0x00000000   Number         0  exit.o ABSOLUTE
    ../fplib/dfix.s                          0x00000000   Number         0  dfix.o ABSOLUTE
    ../fplib/dflt.s                          0x00000000   Number         0  dflt_clz.o ABSOLUTE
    ../fplib/dmul.s                          0x00000000   Number         0  dmul.o ABSOLUTE
    ../fplib/dnaninf.s                       0x00000000   Number         0  dnaninf.o ABSOLUTE
    ../fplib/dretinf.s                       0x00000000   Number         0  dretinf.o ABSOLUTE
    ../fplib/fpinit.s                        0x00000000   Number         0  fpinit.o ABSOLUTE
    ../fplib/usenofp.s                       0x00000000   Number         0  usenofp.o ABSOLUTE
    BT_Control.c                             0x00000000   Number         0  bt_control.o ABSOLUTE
    BT_Control.c                             0x00000000   Number         0  bt_control.o ABSOLUTE
    Clock_Setting.c                          0x00000000   Number         0  clock_setting.o ABSOLUTE
    Clock_Setting.c                          0x00000000   Number         0  clock_setting.o ABSOLUTE
    GlobalVariables.c                        0x00000000   Number         0  globalvariables.o ABSOLUTE
    GlobalVariables.c                        0x00000000   Number         0  globalvariables.o ABSOLUTE
    HandleIncEn.c                            0x00000000   Number         0  handleincen.o ABSOLUTE
    HandleIncEn.c                            0x00000000   Number         0  handleincen.o ABSOLUTE
    PORTs\PORT_A.c                           0x00000000   Number         0  port_a.o ABSOLUTE
    PORTs\PORT_B.c                           0x00000000   Number         0  port_b.o ABSOLUTE
    PORTs\PORT_C.c                           0x00000000   Number         0  port_c.o ABSOLUTE
    PORTs\PORT_D.c                           0x00000000   Number         0  port_d.o ABSOLUTE
    PORTs\PORT_E.c                           0x00000000   Number         0  port_e.o ABSOLUTE
    PORTs\PORT_F.c                           0x00000000   Number         0  port_f.o ABSOLUTE
    PORTs\PORT_H.c                           0x00000000   Number         0  port_h.o ABSOLUTE
    PORTs\PORT_K.c                           0x00000000   Number         0  port_k.o ABSOLUTE
    PORTs\PORT_N.c                           0x00000000   Number         0  port_n.o ABSOLUTE
    PORTs\PORT_P.c                           0x00000000   Number         0  port_p.o ABSOLUTE
    PORTs\\PORT_A.c                          0x00000000   Number         0  port_a.o ABSOLUTE
    PORTs\\PORT_B.c                          0x00000000   Number         0  port_b.o ABSOLUTE
    PORTs\\PORT_C.c                          0x00000000   Number         0  port_c.o ABSOLUTE
    PORTs\\PORT_D.c                          0x00000000   Number         0  port_d.o ABSOLUTE
    PORTs\\PORT_E.c                          0x00000000   Number         0  port_e.o ABSOLUTE
    PORTs\\PORT_F.c                          0x00000000   Number         0  port_f.o ABSOLUTE
    PORTs\\PORT_H.c                          0x00000000   Number         0  port_h.o ABSOLUTE
    PORTs\\PORT_K.c                          0x00000000   Number         0  port_k.o ABSOLUTE
    PORTs\\PORT_N.c                          0x00000000   Number         0  port_n.o ABSOLUTE
    PORTs\\PORT_P.c                          0x00000000   Number         0  port_p.o ABSOLUTE
    Print_Num.c                              0x00000000   Number         0  print_num.o ABSOLUTE
    Print_Num.c                              0x00000000   Number         0  print_num.o ABSOLUTE
    RB_Protocol.c                            0x00000000   Number         0  rb_protocol.o ABSOLUTE
    RB_Protocol.c                            0x00000000   Number         0  rb_protocol.o ABSOLUTE
    RTE\Device\TM4C1294NCPDT\startup_TM4C129.s 0x00000000   Number         0  startup_tm4c129.o ABSOLUTE
    RTE\Device\TM4C1294NCPDT\system_TM4C129.c 0x00000000   Number         0  system_tm4c129.o ABSOLUTE
    RTE\\Device\\TM4C1294NCPDT\\system_TM4C129.c 0x00000000   Number         0  system_tm4c129.o ABSOLUTE
    TEST_BT_FW.c                             0x00000000   Number         0  test_bt_fw.o ABSOLUTE
    TEST_BT_FW.c                             0x00000000   Number         0  test_bt_fw.o ABSOLUTE
    TimerA0.c                                0x00000000   Number         0  timera0.o ABSOLUTE
    TimerA0.c                                0x00000000   Number         0  timera0.o ABSOLUTE
    TimerA1.c                                0x00000000   Number         0  timera1.o ABSOLUTE
    TimerA1.c                                0x00000000   Number         0  timera1.o ABSOLUTE
    dc.s                                     0x00000000   Number         0  dc.o ABSOLUTE
    !!!main                                  0x00000200   Section        8  __main.o(!!!main)
    !!!scatter                               0x00000208   Section       52  __scatter.o(!!!scatter)
    !!handler_copy                           0x0000023c   Section       26  __scatter_copy.o(!!handler_copy)
    !!handler_zi                             0x00000258   Section       28  __scatter_zi.o(!!handler_zi)
    .ARM.Collect$$libinit$$00000000          0x00000274   Section        2  libinit.o(.ARM.Collect$$libinit$$00000000)
    .ARM.Collect$$libinit$$00000001          0x00000276   Section        4  libinit2.o(.ARM.Collect$$libinit$$00000001)
    .ARM.Collect$$libinit$$00000004          0x0000027a   Section        0  libinit2.o(.ARM.Collect$$libinit$$00000004)
    .ARM.Collect$$libinit$$0000000A          0x0000027a   Section        0  libinit2.o(.ARM.Collect$$libinit$$0000000A)
    .ARM.Collect$$libinit$$0000000C          0x0000027a   Section        0  libinit2.o(.ARM.Collect$$libinit$$0000000C)
    .ARM.Collect$$libinit$$0000000E          0x0000027a   Section        0  libinit2.o(.ARM.Collect$$libinit$$0000000E)
    .ARM.Collect$$libinit$$00000011          0x0000027a   Section        0  libinit2.o(.ARM.Collect$$libinit$$00000011)
    .ARM.Collect$$libinit$$00000013          0x0000027a   Section        0  libinit2.o(.ARM.Collect$$libinit$$00000013)
    .ARM.Collect$$libinit$$00000015          0x0000027a   Section        0  libinit2.o(.ARM.Collect$$libinit$$00000015)
    .ARM.Collect$$libinit$$00000017          0x0000027a   Section        0  libinit2.o(.ARM.Collect$$libinit$$00000017)
    .ARM.Collect$$libinit$$00000019          0x0000027a   Section        0  libinit2.o(.ARM.Collect$$libinit$$00000019)
    .ARM.Collect$$libinit$$0000001B          0x0000027a   Section        0  libinit2.o(.ARM.Collect$$libinit$$0000001B)
    .ARM.Collect$$libinit$$0000001D          0x0000027a   Section        0  libinit2.o(.ARM.Collect$$libinit$$0000001D)
    .ARM.Collect$$libinit$$0000001F          0x0000027a   Section        0  libinit2.o(.ARM.Collect$$libinit$$0000001F)
    .ARM.Collect$$libinit$$00000021          0x0000027a   Section        0  libinit2.o(.ARM.Collect$$libinit$$00000021)
    .ARM.Collect$$libinit$$00000023          0x0000027a   Section        0  libinit2.o(.ARM.Collect$$libinit$$00000023)
    .ARM.Collect$$libinit$$00000025          0x0000027a   Section        0  libinit2.o(.ARM.Collect$$libinit$$00000025)
    .ARM.Collect$$libinit$$0000002C          0x0000027a   Section        0  libinit2.o(.ARM.Collect$$libinit$$0000002C)
    .ARM.Collect$$libinit$$0000002E          0x0000027a   Section        0  libinit2.o(.ARM.Collect$$libinit$$0000002E)
    .ARM.Collect$$libinit$$00000030          0x0000027a   Section        0  libinit2.o(.ARM.Collect$$libinit$$00000030)
    .ARM.Collect$$libinit$$00000032          0x0000027a   Section        0  libinit2.o(.ARM.Collect$$libinit$$00000032)
    .ARM.Collect$$libinit$$00000033          0x0000027a   Section        2  libinit2.o(.ARM.Collect$$libinit$$00000033)
    .ARM.Collect$$libshutdown$$00000000      0x0000027c   Section        2  libshutdown.o(.ARM.Collect$$libshutdown$$00000000)
    .ARM.Collect$$libshutdown$$00000002      0x0000027e   Section        0  libshutdown2.o(.ARM.Collect$$libshutdown$$00000002)
    .ARM.Collect$$libshutdown$$00000004      0x0000027e   Section        0  libshutdown2.o(.ARM.Collect$$libshutdown$$00000004)
    .ARM.Collect$$libshutdown$$00000007      0x0000027e   Section        0  libshutdown2.o(.ARM.Collect$$libshutdown$$00000007)
    .ARM.Collect$$libshutdown$$0000000A      0x0000027e   Section        0  libshutdown2.o(.ARM.Collect$$libshutdown$$0000000A)
    .ARM.Collect$$libshutdown$$0000000C      0x0000027e   Section        0  libshutdown2.o(.ARM.Collect$$libshutdown$$0000000C)
    .ARM.Collect$$libshutdown$$0000000F      0x0000027e   Section        0  libshutdown2.o(.ARM.Collect$$libshutdown$$0000000F)
    .ARM.Collect$$libshutdown$$00000010      0x0000027e   Section        2  libshutdown2.o(.ARM.Collect$$libshutdown$$00000010)
    .ARM.Collect$$rtentry$$00000000          0x00000280   Section        0  __rtentry.o(.ARM.Collect$$rtentry$$00000000)
    .ARM.Collect$$rtentry$$00000002          0x00000280   Section        0  __rtentry2.o(.ARM.Collect$$rtentry$$00000002)
    .ARM.Collect$$rtentry$$00000004          0x00000280   Section        6  __rtentry4.o(.ARM.Collect$$rtentry$$00000004)
    .ARM.Collect$$rtentry$$00000009          0x00000286   Section        0  __rtentry2.o(.ARM.Collect$$rtentry$$00000009)
    .ARM.Collect$$rtentry$$0000000A          0x00000286   Section        4  __rtentry2.o(.ARM.Collect$$rtentry$$0000000A)
    .ARM.Collect$$rtentry$$0000000C          0x0000028a   Section        0  __rtentry2.o(.ARM.Collect$$rtentry$$0000000C)
    .ARM.Collect$$rtentry$$0000000D          0x0000028a   Section        8  __rtentry2.o(.ARM.Collect$$rtentry$$0000000D)
    .ARM.Collect$$rtexit$$00000000           0x00000292   Section        2  rtexit.o(.ARM.Collect$$rtexit$$00000000)
    .ARM.Collect$$rtexit$$00000002           0x00000294   Section        0  rtexit2.o(.ARM.Collect$$rtexit$$00000002)
    .ARM.Collect$$rtexit$$00000003           0x00000294   Section        4  rtexit2.o(.ARM.Collect$$rtexit$$00000003)
    .ARM.Collect$$rtexit$$00000004           0x00000298   Section        6  rtexit2.o(.ARM.Collect$$rtexit$$00000004)
    .text                                    0x000002a0   Section      300  startup_tm4c129.o(.text)
    $v0                                      0x000002a0   Number         0  startup_tm4c129.o(.text)
    .text                                    0x000003cc   Section        0  heapauxi.o(.text)
    .text                                    0x000003d2   Section       74  sys_stackheap_outer.o(.text)
    .text                                    0x0000041c   Section        0  exit.o(.text)
    .text                                    0x00000430   Section        8  libspace.o(.text)
    .text                                    0x00000438   Section        0  sys_exit.o(.text)
    .text                                    0x00000444   Section        2  use_no_semi.o(.text)
    .text                                    0x00000446   Section        0  indicate_semi.o(.text)
    i.BT_TakeAction                          0x00000446   Section        0  bt_control.o(i.BT_TakeAction)
    i.BackLS                                 0x0000059c   Section        0  port_k.o(i.BackLS)
    i.ClearT_MSG_IN                          0x000005b4   Section        0  rb_protocol.o(i.ClearT_MSG_IN)
    i.CreateMsg                              0x000005d8   Section        0  rb_protocol.o(i.CreateMsg)
    i.FindDistanceL                          0x00000690   Section        0  handleincen.o(i.FindDistanceL)
    i.FindDistanceR                          0x000006d0   Section        0  handleincen.o(i.FindDistanceR)
    i.FindSpeed                              0x00000710   Section        0  handleincen.o(i.FindSpeed)
    i.GPIOC_Handler                          0x000007ac   Section        0  port_c.o(i.GPIOC_Handler)
    i.GPIOH_Handler                          0x000007f0   Section        0  port_h.o(i.GPIOH_Handler)
    i.HandleInputMSG                         0x00000834   Section        0  rb_protocol.o(i.HandleInputMSG)
    i.InitDistanceFactor                     0x000008f0   Section        0  handleincen.o(i.InitDistanceFactor)
    i.InitPortA                              0x00000908   Section        0  port_a.o(i.InitPortA)
    i.InitPortB                              0x00000918   Section        0  port_b.o(i.InitPortB)
    i.InitPortC                              0x0000096c   Section        0  port_c.o(i.InitPortC)
    i.InitPortD                              0x00000a20   Section        0  port_d.o(i.InitPortD)
    i.InitPortE                              0x00000a2c   Section        0  port_e.o(i.InitPortE)
    i.InitPortF                              0x00000a60   Section        0  port_f.o(i.InitPortF)
    i.InitPortH                              0x00000a6c   Section        0  port_h.o(i.InitPortH)
    i.InitPortK                              0x00000b18   Section        0  port_k.o(i.InitPortK)
    i.InitPortN                              0x00000b3c   Section        0  port_n.o(i.InitPortN)
    i.InitPortP                              0x00000b70   Section        0  port_p.o(i.InitPortP)
    i.Init_PWM1_PF0_PF1                      0x00000ba8   Section        0  port_f.o(i.Init_PWM1_PF0_PF1)
    i.Init_PWM1_PF2                          0x00000c94   Section        0  port_f.o(i.Init_PWM1_PF2)
    i.InitializeTimer0A                      0x00000d58   Section        0  timera0.o(i.InitializeTimer0A)
    i.InitializeTimer1A                      0x00000dbc   Section        0  timera1.o(i.InitializeTimer1A)
    i.Lamp                                   0x00000e20   Section        0  port_b.o(i.Lamp)
    i.LeftMotor                              0x00000e50   Section        0  port_p.o(i.LeftMotor)
    i.PrintDEC_Monitor                       0x00000e78   Section        0  print_num.o(i.PrintDEC_Monitor)
    i.PrintMSG                               0x00000f34   Section        0  rb_protocol.o(i.PrintMSG)
    i.ReadLF1                                0x00000f5c   Section        0  port_e.o(i.ReadLF1)
    i.ReadLF2                                0x00000f6c   Section        0  port_n.o(i.ReadLF2)
    i.Read_SSI2                              0x00000f7c   Section        0  port_d.o(i.Read_SSI2)
    i.RightMotor                             0x00000fe0   Section        0  port_p.o(i.RightMotor)
    i.SER0_Initialize                        0x00001008   Section        0  port_a.o(i.SER0_Initialize)
    i.SER0_PutChar                           0x000010c8   Section        0  port_a.o(i.SER0_PutChar)
    i.SER2_Initialize                        0x000010e4   Section        0  port_a.o(i.SER2_Initialize)
    i.SER3_Initialize                        0x000011cc   Section        0  port_a.o(i.SER3_Initialize)
    i.SER3_PutChar                           0x000012b4   Section        0  port_a.o(i.SER3_PutChar)
    i.SendReadings                           0x000012d0   Section        0  rb_protocol.o(i.SendReadings)
    i.SetDuty_PWM1                           0x000012ec   Section        0  port_f.o(i.SetDuty_PWM1)
    i.SetDuty_PWM2                           0x00001308   Section        0  port_f.o(i.SetDuty_PWM2)
    i.SetDuty_PWM3                           0x00001324   Section        0  port_f.o(i.SetDuty_PWM3)
    i.SetSysClock                            0x00001340   Section        0  clock_setting.o(i.SetSysClock)
    i.Siren                                  0x000013f4   Section        0  port_b.o(i.Siren)
    i.SteeringLS1                            0x00001420   Section        0  port_k.o(i.SteeringLS1)
    i.SteeringLS2                            0x00001438   Section        0  port_k.o(i.SteeringLS2)
    i.SteeringMotor                          0x00001450   Section        0  port_p.o(i.SteeringMotor)
    i.Stop                                   0x00001474   Section        0  bt_control.o(i.Stop)
    i.SystemInit                             0x000014a8   Section        0  system_tm4c129.o(i.SystemInit)
    i.TIMER0A_Handler                        0x000014c8   Section        0  timera0.o(i.TIMER0A_Handler)
    i.TIMER1A_Handler                        0x0000150c   Section        0  timera1.o(i.TIMER1A_Handler)
    i.UART2_Handler                          0x0000156c   Section        0  port_a.o(i.UART2_Handler)
    i.UART3_Handler                          0x000015b4   Section        0  port_a.o(i.UART3_Handler)
    i.UpdateDistances                        0x00001624   Section        0  handleincen.o(i.UpdateDistances)
    i.init_ADC                               0x00001640   Section        0  port_d.o(i.init_ADC)
    i.init_SSI2                              0x000016ec   Section        0  port_d.o(i.init_SSI2)
    i.main                                   0x000017ac   Section        0  test_bt_fw.o(i.main)
    x$fpl$dfix                               0x0000182c   Section       94  dfix.o(x$fpl$dfix)
    $v0                                      0x0000182c   Number         0  dfix.o(x$fpl$dfix)
    x$fpl$dflt                               0x0000188a   Section       46  dflt_clz.o(x$fpl$dflt)
    $v0                                      0x0000188a   Number         0  dflt_clz.o(x$fpl$dflt)
    x$fpl$dmul                               0x000018b8   Section      340  dmul.o(x$fpl$dmul)
    $v0                                      0x000018b8   Number         0  dmul.o(x$fpl$dmul)
    x$fpl$dnaninf                            0x00001a0c   Section      156  dnaninf.o(x$fpl$dnaninf)
    $v0                                      0x00001a0c   Number         0  dnaninf.o(x$fpl$dnaninf)
    x$fpl$dretinf                            0x00001aa8   Section       12  dretinf.o(x$fpl$dretinf)
    $v0                                      0x00001aa8   Number         0  dretinf.o(x$fpl$dretinf)
    x$fpl$fpinit                             0x00001ab4   Section       10  fpinit.o(x$fpl$fpinit)
    $v0                                      0x00001ab4   Number         0  fpinit.o(x$fpl$fpinit)
    x$fpl$usenofp                            0x00001abe   Section        0  usenofp.o(x$fpl$usenofp)
    .data                                    0x20000000   Section       48  globalvariables.o(.data)
    .data                                    0x20000030   Section        4  system_tm4c129.o(.data)
    .bss                                     0x20000034   Section       20  globalvariables.o(.bss)
    .bss                                     0x20000048   Section       96  libspace.o(.bss)
    HEAP                                     0x200000a8   Section        0  startup_tm4c129.o(HEAP)
    STACK                                    0x200000a8   Section      512  startup_tm4c129.o(STACK)
    Heap_Mem                                 0x200000a8   Data           0  startup_tm4c129.o(HEAP)
    Stack_Mem                                0x200000a8   Data         512  startup_tm4c129.o(STACK)
    __initial_sp                             0x200002a8   Data           0  startup_tm4c129.o(STACK)

    Global Symbols

    Symbol Name                              Value     Ov Type        Size  Object(Section)

    BuildAttributes$$THM_ISAv4$E$P$D$K$B$S$7EM$VFPi3$EXTD16$VFPS$VFMA$PE$A:L22UL41UL21$X:L11$S22US41US21$IEEE1$IW$USESV6$~STKCKD$USESV7$~SHL$OSPACE$ROPI$EBA8$UX$STANDARDLIB$REQ8$PRES8$EABIv2 0x00000000   Number         0  anon$$obj.o ABSOLUTE
    __ARM_use_no_argv                        0x00000000   Number         0  test_bt_fw.o ABSOLUTE
    __Vectors                                0x00000000   Data           4  startup_tm4c129.o(RESET)
    __ARM_exceptions_init                     - Undefined Weak Reference
    __alloca_initialize                       - Undefined Weak Reference
    __arm_preinit_                            - Undefined Weak Reference
    __cpp_initialize__aeabi_                  - Undefined Weak Reference
    __cxa_finalize                            - Undefined Weak Reference
    __rt_locale                               - Undefined Weak Reference
    __sigvec_lookup                           - Undefined Weak Reference
    _atexit_init                              - Undefined Weak Reference
    _call_atexit_fns                          - Undefined Weak Reference
    _clock_init                               - Undefined Weak Reference
    _fp_trap_init                             - Undefined Weak Reference
    _fp_trap_shutdown                         - Undefined Weak Reference
    _get_lc_collate                           - Undefined Weak Reference
    _get_lc_ctype                             - Undefined Weak Reference
    _get_lc_monetary                          - Undefined Weak Reference
    _get_lc_numeric                           - Undefined Weak Reference
    _get_lc_time                              - Undefined Weak Reference
    _getenv_init                              - Undefined Weak Reference
    _handle_redirection                       - Undefined Weak Reference
    _init_alloc                               - Undefined Weak Reference
    _init_user_alloc                          - Undefined Weak Reference
    _initio                                   - Undefined Weak Reference
    _rand_init                                - Undefined Weak Reference
    _signal_finish                            - Undefined Weak Reference
    _signal_init                              - Undefined Weak Reference
    _terminate_alloc                          - Undefined Weak Reference
    _terminate_user_alloc                     - Undefined Weak Reference
    _terminateio                              - Undefined Weak Reference
    __Vectors_End                            0x00000200   Data           0  startup_tm4c129.o(RESET)
    __Vectors_Size                           0x00000200   Number         0  startup_tm4c129.o ABSOLUTE
    __main                                   0x00000201   Thumb Code     8  __main.o(!!!main)
    __scatterload                            0x00000209   Thumb Code     0  __scatter.o(!!!scatter)
    __scatterload_rt2                        0x00000209   Thumb Code    44  __scatter.o(!!!scatter)
    __scatterload_rt2_thumb_only             0x00000209   Thumb Code     0  __scatter.o(!!!scatter)
    __scatterload_null                       0x00000217   Thumb Code     0  __scatter.o(!!!scatter)
    __scatterload_copy                       0x0000023d   Thumb Code    26  __scatter_copy.o(!!handler_copy)
    __scatterload_zeroinit                   0x00000259   Thumb Code    28  __scatter_zi.o(!!handler_zi)
    __rt_lib_init                            0x00000275   Thumb Code     0  libinit.o(.ARM.Collect$$libinit$$00000000)
    __rt_lib_init_fp_1                       0x00000277   Thumb Code     0  libinit2.o(.ARM.Collect$$libinit$$00000001)
    __rt_lib_init_alloca_1                   0x0000027b   Thumb Code     0  libinit2.o(.ARM.Collect$$libinit$$0000002E)
    __rt_lib_init_argv_1                     0x0000027b   Thumb Code     0  libinit2.o(.ARM.Collect$$libinit$$0000002C)
    __rt_lib_init_atexit_1                   0x0000027b   Thumb Code     0  libinit2.o(.ARM.Collect$$libinit$$0000001B)
    __rt_lib_init_clock_1                    0x0000027b   Thumb Code     0  libinit2.o(.ARM.Collect$$libinit$$00000021)
    __rt_lib_init_cpp_1                      0x0000027b   Thumb Code     0  libinit2.o(.ARM.Collect$$libinit$$00000032)
    __rt_lib_init_exceptions_1               0x0000027b   Thumb Code     0  libinit2.o(.ARM.Collect$$libinit$$00000030)
    __rt_lib_init_fp_trap_1                  0x0000027b   Thumb Code     0  libinit2.o(.ARM.Collect$$libinit$$0000001F)
    __rt_lib_init_getenv_1                   0x0000027b   Thumb Code     0  libinit2.o(.ARM.Collect$$libinit$$00000023)
    __rt_lib_init_heap_1                     0x0000027b   Thumb Code     0  libinit2.o(.ARM.Collect$$libinit$$0000000A)
    __rt_lib_init_lc_collate_1               0x0000027b   Thumb Code     0  libinit2.o(.ARM.Collect$$libinit$$00000011)
    __rt_lib_init_lc_ctype_1                 0x0000027b   Thumb Code     0  libinit2.o(.ARM.Collect$$libinit$$00000013)
    __rt_lib_init_lc_monetary_1              0x0000027b   Thumb Code     0  libinit2.o(.ARM.Collect$$libinit$$00000015)
    __rt_lib_init_lc_numeric_1               0x0000027b   Thumb Code     0  libinit2.o(.ARM.Collect$$libinit$$00000017)
    __rt_lib_init_lc_time_1                  0x0000027b   Thumb Code     0  libinit2.o(.ARM.Collect$$libinit$$00000019)
    __rt_lib_init_preinit_1                  0x0000027b   Thumb Code     0  libinit2.o(.ARM.Collect$$libinit$$00000004)
    __rt_lib_init_rand_1                     0x0000027b   Thumb Code     0  libinit2.o(.ARM.Collect$$libinit$$0000000E)
    __rt_lib_init_return                     0x0000027b   Thumb Code     0  libinit2.o(.ARM.Collect$$libinit$$00000033)
    __rt_lib_init_signal_1                   0x0000027b   Thumb Code     0  libinit2.o(.ARM.Collect$$libinit$$0000001D)
    __rt_lib_init_stdio_1                    0x0000027b   Thumb Code     0  libinit2.o(.ARM.Collect$$libinit$$00000025)
    __rt_lib_init_user_alloc_1               0x0000027b   Thumb Code     0  libinit2.o(.ARM.Collect$$libinit$$0000000C)
    __rt_lib_shutdown                        0x0000027d   Thumb Code     0  libshutdown.o(.ARM.Collect$$libshutdown$$00000000)
    __rt_lib_shutdown_cpp_1                  0x0000027f   Thumb Code     0  libshutdown2.o(.ARM.Collect$$libshutdown$$00000002)
    __rt_lib_shutdown_fp_trap_1              0x0000027f   Thumb Code     0  libshutdown2.o(.ARM.Collect$$libshutdown$$00000007)
    __rt_lib_shutdown_heap_1                 0x0000027f   Thumb Code     0  libshutdown2.o(.ARM.Collect$$libshutdown$$0000000F)
    __rt_lib_shutdown_return                 0x0000027f   Thumb Code     0  libshutdown2.o(.ARM.Collect$$libshutdown$$00000010)
    __rt_lib_shutdown_signal_1               0x0000027f   Thumb Code     0  libshutdown2.o(.ARM.Collect$$libshutdown$$0000000A)
    __rt_lib_shutdown_stdio_1                0x0000027f   Thumb Code     0  libshutdown2.o(.ARM.Collect$$libshutdown$$00000004)
    __rt_lib_shutdown_user_alloc_1           0x0000027f   Thumb Code     0  libshutdown2.o(.ARM.Collect$$libshutdown$$0000000C)
    __rt_entry                               0x00000281   Thumb Code     0  __rtentry.o(.ARM.Collect$$rtentry$$00000000)
    __rt_entry_presh_1                       0x00000281   Thumb Code     0  __rtentry2.o(.ARM.Collect$$rtentry$$00000002)
    __rt_entry_sh                            0x00000281   Thumb Code     0  __rtentry4.o(.ARM.Collect$$rtentry$$00000004)
    __rt_entry_li                            0x00000287   Thumb Code     0  __rtentry2.o(.ARM.Collect$$rtentry$$0000000A)
    __rt_entry_postsh_1                      0x00000287   Thumb Code     0  __rtentry2.o(.ARM.Collect$$rtentry$$00000009)
    __rt_entry_main                          0x0000028b   Thumb Code     0  __rtentry2.o(.ARM.Collect$$rtentry$$0000000D)
    __rt_entry_postli_1                      0x0000028b   Thumb Code     0  __rtentry2.o(.ARM.Collect$$rtentry$$0000000C)
    __rt_exit                                0x00000293   Thumb Code     0  rtexit.o(.ARM.Collect$$rtexit$$00000000)
    __rt_exit_ls                             0x00000295   Thumb Code     0  rtexit2.o(.ARM.Collect$$rtexit$$00000003)
    __rt_exit_prels_1                        0x00000295   Thumb Code     0  rtexit2.o(.ARM.Collect$$rtexit$$00000002)
    __rt_exit_exit                           0x00000299   Thumb Code     0  rtexit2.o(.ARM.Collect$$rtexit$$00000004)
    Reset_Handler                            0x000002a1   Thumb Code     8  startup_tm4c129.o(.text)
    NMI_Handler                              0x000002a9   Thumb Code     2  startup_tm4c129.o(.text)
    HardFault_Handler                        0x000002ab   Thumb Code     2  startup_tm4c129.o(.text)
    MemManage_Handler                        0x000002ad   Thumb Code     2  startup_tm4c129.o(.text)
    BusFault_Handler                         0x000002af   Thumb Code     2  startup_tm4c129.o(.text)
    UsageFault_Handler                       0x000002b1   Thumb Code     2  startup_tm4c129.o(.text)
    SVC_Handler                              0x000002b3   Thumb Code     2  startup_tm4c129.o(.text)
    DebugMon_Handler                         0x000002b5   Thumb Code     2  startup_tm4c129.o(.text)
    PendSV_Handler                           0x000002b7   Thumb Code     2  startup_tm4c129.o(.text)
    SysTick_Handler                          0x000002b9   Thumb Code     2  startup_tm4c129.o(.text)
    GPIOA_Handler                            0x000002bb   Thumb Code     2  startup_tm4c129.o(.text)
    GPIOB_Handler                            0x000002bd   Thumb Code     2  startup_tm4c129.o(.text)
    GPIOD_Handler                            0x000002c1   Thumb Code     2  startup_tm4c129.o(.text)
    GPIOE_Handler                            0x000002c3   Thumb Code     2  startup_tm4c129.o(.text)
    UART0_Handler                            0x000002c5   Thumb Code     2  startup_tm4c129.o(.text)
    UART1_Handler                            0x000002c7   Thumb Code     2  startup_tm4c129.o(.text)
    SSI0_Handler                             0x000002c9   Thumb Code     2  startup_tm4c129.o(.text)
    I2C0_Handler                             0x000002cb   Thumb Code     2  startup_tm4c129.o(.text)
    PMW0_FAULT_Handler                       0x000002cd   Thumb Code     2  startup_tm4c129.o(.text)
    PWM0_0_Handler                           0x000002cf   Thumb Code     2  startup_tm4c129.o(.text)
    PWM0_1_Handler                           0x000002d1   Thumb Code     2  startup_tm4c129.o(.text)
    PWM0_2_Handler                           0x000002d3   Thumb Code     2  startup_tm4c129.o(.text)
    QEI0_Handler                             0x000002d5   Thumb Code     2  startup_tm4c129.o(.text)
    ADC0SS0_Handler                          0x000002d7   Thumb Code     2  startup_tm4c129.o(.text)
    ADC0SS1_Handler                          0x000002d9   Thumb Code     2  startup_tm4c129.o(.text)
    ADC0SS2_Handler                          0x000002db   Thumb Code     2  startup_tm4c129.o(.text)
    ADC0SS3_Handler                          0x000002dd   Thumb Code     2  startup_tm4c129.o(.text)
    WDT0_Handler                             0x000002df   Thumb Code     2  startup_tm4c129.o(.text)
    TIMER0B_Handler                          0x000002e3   Thumb Code     2  startup_tm4c129.o(.text)
    TIMER1B_Handler                          0x000002e7   Thumb Code     2  startup_tm4c129.o(.text)
    TIMER2A_Handler                          0x000002e9   Thumb Code     2  startup_tm4c129.o(.text)
    TIMER2B_Handler                          0x000002eb   Thumb Code     2  startup_tm4c129.o(.text)
    COMP0_Handler                            0x000002ed   Thumb Code     2  startup_tm4c129.o(.text)
    COMP1_Handler                            0x000002ef   Thumb Code     2  startup_tm4c129.o(.text)
    COMP2_Handler                            0x000002f1   Thumb Code     2  startup_tm4c129.o(.text)
    SYSCTL_Handler                           0x000002f3   Thumb Code     2  startup_tm4c129.o(.text)
    FLASH_Handler                            0x000002f5   Thumb Code     2  startup_tm4c129.o(.text)
    GPIOF_Handler                            0x000002f7   Thumb Code     2  startup_tm4c129.o(.text)
    GPIOG_Handler                            0x000002f9   Thumb Code     2  startup_tm4c129.o(.text)
    SSI1_Handler                             0x000002ff   Thumb Code     2  startup_tm4c129.o(.text)
    TIMER3A_Handler                          0x00000301   Thumb Code     2  startup_tm4c129.o(.text)
    TIMER3B_Handler                          0x00000303   Thumb Code     2  startup_tm4c129.o(.text)
    I2C1_Handler                             0x00000305   Thumb Code     2  startup_tm4c129.o(.text)
    CAN0_Handler                             0x00000307   Thumb Code     2  startup_tm4c129.o(.text)
    CAN1_Handler                             0x00000309   Thumb Code     2  startup_tm4c129.o(.text)
    ETH_Handler                              0x0000030b   Thumb Code     2  startup_tm4c129.o(.text)
    HIB_Handler                              0x0000030d   Thumb Code     2  startup_tm4c129.o(.text)
    USB0_Handler                             0x0000030f   Thumb Code     2  startup_tm4c129.o(.text)
    PWM0_3_Handler                           0x00000311   Thumb Code     2  startup_tm4c129.o(.text)
    UDMA_Handler                             0x00000313   Thumb Code     2  startup_tm4c129.o(.text)
    UDMAERR_Handler                          0x00000315   Thumb Code     2  startup_tm4c129.o(.text)
    ADC1SS0_Handler                          0x00000317   Thumb Code     2  startup_tm4c129.o(.text)
    ADC1SS1_Handler                          0x00000319   Thumb Code     2  startup_tm4c129.o(.text)
    ADC1SS2_Handler                          0x0000031b   Thumb Code     2  startup_tm4c129.o(.text)
    ADC1SS3_Handler                          0x0000031d   Thumb Code     2  startup_tm4c129.o(.text)
    EBI0_Handler                             0x0000031f   Thumb Code     2  startup_tm4c129.o(.text)
    GPIOJ_Handler                            0x00000321   Thumb Code     2  startup_tm4c129.o(.text)
    GPIOK_Handler                            0x00000323   Thumb Code     2  startup_tm4c129.o(.text)
    GPIOL_Handler                            0x00000325   Thumb Code     2  startup_tm4c129.o(.text)
    SSI2_Handler                             0x00000327   Thumb Code     2  startup_tm4c129.o(.text)
    SSI3_Handler                             0x00000329   Thumb Code     2  startup_tm4c129.o(.text)
    UART4_Handler                            0x0000032d   Thumb Code     2  startup_tm4c129.o(.text)
    UART5_Handler                            0x0000032f   Thumb Code     2  startup_tm4c129.o(.text)
    UART6_Handler                            0x00000331   Thumb Code     2  startup_tm4c129.o(.text)
    UART7_Handler                            0x00000333   Thumb Code     2  startup_tm4c129.o(.text)
    I2C2_Handler                             0x00000335   Thumb Code     2  startup_tm4c129.o(.text)
    I2C3_Handler                             0x00000337   Thumb Code     2  startup_tm4c129.o(.text)
    TIMER4A_Handler                          0x00000339   Thumb Code     2  startup_tm4c129.o(.text)
    TIMER4B_Handler                          0x0000033b   Thumb Code     2  startup_tm4c129.o(.text)
    TIMER5A_Handler                          0x0000033d   Thumb Code     2  startup_tm4c129.o(.text)
    TIMER5B_Handler                          0x0000033f   Thumb Code     2  startup_tm4c129.o(.text)
    WTIMER0A_Handler                         0x00000341   Thumb Code     2  startup_tm4c129.o(.text)
    WTIMER0B_Handler                         0x00000343   Thumb Code     2  startup_tm4c129.o(.text)
    WTIMER1A_Handler                         0x00000345   Thumb Code     2  startup_tm4c129.o(.text)
    WTIMER1B_Handler                         0x00000347   Thumb Code     2  startup_tm4c129.o(.text)
    WTIMER2A_Handler                         0x00000349   Thumb Code     2  startup_tm4c129.o(.text)
    WTIMER2B_Handler                         0x0000034b   Thumb Code     2  startup_tm4c129.o(.text)
    WTIMER3A_Handler                         0x0000034d   Thumb Code     2  startup_tm4c129.o(.text)
    WTIMER3B_Handler                         0x0000034f   Thumb Code     2  startup_tm4c129.o(.text)
    WTIMER4A_Handler                         0x00000351   Thumb Code     2  startup_tm4c129.o(.text)
    WTIMER4B_Handler                         0x00000353   Thumb Code     2  startup_tm4c129.o(.text)
    WTIMER5A_Handler                         0x00000355   Thumb Code     2  startup_tm4c129.o(.text)
    WTIMER5B_Handler                         0x00000357   Thumb Code     2  startup_tm4c129.o(.text)
    FPU_Handler                              0x00000359   Thumb Code     2  startup_tm4c129.o(.text)
    I2C4_Handler                             0x0000035b   Thumb Code     2  startup_tm4c129.o(.text)
    I2C5_Handler                             0x0000035d   Thumb Code     2  startup_tm4c129.o(.text)
    GPIOM_Handler                            0x0000035f   Thumb Code     2  startup_tm4c129.o(.text)
    GPION_Handler                            0x00000361   Thumb Code     2  startup_tm4c129.o(.text)
    TAMPER_Handler                           0x00000363   Thumb Code     2  startup_tm4c129.o(.text)
    GPIOP0_Handler                           0x00000365   Thumb Code     2  startup_tm4c129.o(.text)
    GPIOP1_Handler                           0x00000367   Thumb Code     2  startup_tm4c129.o(.text)
    GPIOP2_Handler                           0x00000369   Thumb Code     2  startup_tm4c129.o(.text)
    GPIOP3_Handler                           0x0000036b   Thumb Code     2  startup_tm4c129.o(.text)
    GPIOP4_Handler                           0x0000036d   Thumb Code     2  startup_tm4c129.o(.text)
    GPIOP5_Handler                           0x0000036f   Thumb Code     2  startup_tm4c129.o(.text)
    GPIOP6_Handler                           0x00000371   Thumb Code     2  startup_tm4c129.o(.text)
    GPIOP7_Handler                           0x00000373   Thumb Code     2  startup_tm4c129.o(.text)
    GPIOQ0_Handler                           0x00000375   Thumb Code     2  startup_tm4c129.o(.text)
    GPIOQ1_Handler                           0x00000377   Thumb Code     2  startup_tm4c129.o(.text)
    GPIOQ2_Handler                           0x00000379   Thumb Code     2  startup_tm4c129.o(.text)
    GPIOQ3_Handler                           0x0000037b   Thumb Code     2  startup_tm4c129.o(.text)
    GPIOQ4_Handler                           0x0000037d   Thumb Code     2  startup_tm4c129.o(.text)
    GPIOQ5_Handler                           0x0000037f   Thumb Code     2  startup_tm4c129.o(.text)
    GPIOQ6_Handler                           0x00000381   Thumb Code     2  startup_tm4c129.o(.text)
    GPIOQ7_Handler                           0x00000383   Thumb Code     2  startup_tm4c129.o(.text)
    GPIOR_Handler                            0x00000385   Thumb Code     2  startup_tm4c129.o(.text)
    GPIOS_Handler                            0x00000387   Thumb Code     2  startup_tm4c129.o(.text)
    SHAMD5_Handler                           0x00000389   Thumb Code     2  startup_tm4c129.o(.text)
    AES_Handler                              0x0000038b   Thumb Code     2  startup_tm4c129.o(.text)
    DES3DES_Handler                          0x0000038d   Thumb Code     2  startup_tm4c129.o(.text)
    LCDCONTROLLER_Handler                    0x0000038f   Thumb Code     2  startup_tm4c129.o(.text)
    TIMER6A_Handler                          0x00000391   Thumb Code     2  startup_tm4c129.o(.text)
    TIMER6B_Handler                          0x00000393   Thumb Code     2  startup_tm4c129.o(.text)
    TIMER7A_Handler                          0x00000395   Thumb Code     2  startup_tm4c129.o(.text)
    TIMER7B_Handler                          0x00000397   Thumb Code     2  startup_tm4c129.o(.text)
    I2C6_Handler                             0x00000399   Thumb Code     2  startup_tm4c129.o(.text)
    I2C7_Handler                             0x0000039b   Thumb Code     2  startup_tm4c129.o(.text)
    HIMSCANKEYBOARD_Handler                  0x0000039d   Thumb Code     2  startup_tm4c129.o(.text)
    ONEWIRE_Handler                          0x0000039f   Thumb Code     2  startup_tm4c129.o(.text)
    HIMPS2_Handler                           0x000003a1   Thumb Code     2  startup_tm4c129.o(.text)
    HIMLEDSEQUENCER_Handler                  0x000003a3   Thumb Code     2  startup_tm4c129.o(.text)
    HIMCONSUMERIR_Handler                    0x000003a5   Thumb Code     2  startup_tm4c129.o(.text)
    I2C8_Handler                             0x000003a7   Thumb Code     2  startup_tm4c129.o(.text)
    I2C9_Handler                             0x000003a9   Thumb Code     2  startup_tm4c129.o(.text)
    GPIOT_Handler                            0x000003ab   Thumb Code     2  startup_tm4c129.o(.text)
    __user_initial_stackheap                 0x000003ad   Thumb Code     0  startup_tm4c129.o(.text)
    __use_two_region_memory                  0x000003cd   Thumb Code     2  heapauxi.o(.text)
    __rt_heap_escrow$2region                 0x000003cf   Thumb Code     2  heapauxi.o(.text)
    __rt_heap_expand$2region                 0x000003d1   Thumb Code     2  heapauxi.o(.text)
    __user_setup_stackheap                   0x000003d3   Thumb Code    74  sys_stackheap_outer.o(.text)
    exit                                     0x0000041d   Thumb Code    18  exit.o(.text)
    __user_libspace                          0x00000431   Thumb Code     8  libspace.o(.text)
    __user_perproc_libspace                  0x00000431   Thumb Code     0  libspace.o(.text)
    __user_perthread_libspace                0x00000431   Thumb Code     0  libspace.o(.text)
    _sys_exit                                0x00000439   Thumb Code     8  sys_exit.o(.text)
    __I$use$semihosting                      0x00000445   Thumb Code     0  use_no_semi.o(.text)
    __use_no_semihosting_swi                 0x00000445   Thumb Code     2  use_no_semi.o(.text)
    BT_TakeAction                            0x00000447   Thumb Code   342  bt_control.o(i.BT_TakeAction)
    __semihosting_library_function           0x00000447   Thumb Code     0  indicate_semi.o(.text)
    BackLS                                   0x0000059d   Thumb Code    18  port_k.o(i.BackLS)
    ClearT_MSG_IN                            0x000005b5   Thumb Code    26  rb_protocol.o(i.ClearT_MSG_IN)
    CreateMsg                                0x000005d9   Thumb Code   164  rb_protocol.o(i.CreateMsg)
    FindDistanceL                            0x00000691   Thumb Code    54  handleincen.o(i.FindDistanceL)
    FindDistanceR                            0x000006d1   Thumb Code    54  handleincen.o(i.FindDistanceR)
    FindSpeed                                0x00000711   Thumb Code   128  handleincen.o(i.FindSpeed)
    GPIOC_Handler                            0x000007ad   Thumb Code    58  port_c.o(i.GPIOC_Handler)
    GPIOH_Handler                            0x000007f1   Thumb Code    58  port_h.o(i.GPIOH_Handler)
    HandleInputMSG                           0x00000835   Thumb Code   180  rb_protocol.o(i.HandleInputMSG)
    InitDistanceFactor                       0x000008f1   Thumb Code    14  handleincen.o(i.InitDistanceFactor)
    InitPortA                                0x00000909   Thumb Code    16  port_a.o(i.InitPortA)
    InitPortB                                0x00000919   Thumb Code    66  port_b.o(i.InitPortB)
    InitPortC                                0x0000096d   Thumb Code   156  port_c.o(i.InitPortC)
    InitPortD                                0x00000a21   Thumb Code    12  port_d.o(i.InitPortD)
    InitPortE                                0x00000a2d   Thumb Code    38  port_e.o(i.InitPortE)
    InitPortF                                0x00000a61   Thumb Code    12  port_f.o(i.InitPortF)
    InitPortH                                0x00000a6d   Thumb Code   148  port_h.o(i.InitPortH)
    InitPortK                                0x00000b19   Thumb Code    26  port_k.o(i.InitPortK)
    InitPortN                                0x00000b3d   Thumb Code    38  port_n.o(i.InitPortN)
    InitPortP                                0x00000b71   Thumb Code    44  port_p.o(i.InitPortP)
    Init_PWM1_PF0_PF1                        0x00000ba9   Thumb Code   216  port_f.o(i.Init_PWM1_PF0_PF1)
    Init_PWM1_PF2                            0x00000c95   Thumb Code   176  port_f.o(i.Init_PWM1_PF2)
    InitializeTimer0A                        0x00000d59   Thumb Code    82  timera0.o(i.InitializeTimer0A)
    InitializeTimer1A                        0x00000dbd   Thumb Code    84  timera1.o(i.InitializeTimer1A)
    Lamp                                     0x00000e21   Thumb Code    40  port_b.o(i.Lamp)
    LeftMotor                                0x00000e51   Thumb Code    30  port_p.o(i.LeftMotor)
    PrintDEC_Monitor                         0x00000e79   Thumb Code   186  print_num.o(i.PrintDEC_Monitor)
    PrintMSG                                 0x00000f35   Thumb Code    36  rb_protocol.o(i.PrintMSG)
    ReadLF1                                  0x00000f5d   Thumb Code    10  port_e.o(i.ReadLF1)
    ReadLF2                                  0x00000f6d   Thumb Code    10  port_n.o(i.ReadLF2)
    Read_SSI2                                0x00000f7d   Thumb Code    88  port_d.o(i.Read_SSI2)
    RightMotor                               0x00000fe1   Thumb Code    30  port_p.o(i.RightMotor)
    SER0_Initialize                          0x00001009   Thumb Code   172  port_a.o(i.SER0_Initialize)
    SER0_PutChar                             0x000010c9   Thumb Code    22  port_a.o(i.SER0_PutChar)
    SER2_Initialize                          0x000010e5   Thumb Code   204  port_a.o(i.SER2_Initialize)
    SER3_Initialize                          0x000011cd   Thumb Code   204  port_a.o(i.SER3_Initialize)
    SER3_PutChar                             0x000012b5   Thumb Code    22  port_a.o(i.SER3_PutChar)
    SendReadings                             0x000012d1   Thumb Code    24  rb_protocol.o(i.SendReadings)
    SetDuty_PWM1                             0x000012ed   Thumb Code    22  port_f.o(i.SetDuty_PWM1)
    SetDuty_PWM2                             0x00001309   Thumb Code    22  port_f.o(i.SetDuty_PWM2)
    SetDuty_PWM3                             0x00001325   Thumb Code    22  port_f.o(i.SetDuty_PWM3)
    SetSysClock                              0x00001341   Thumb Code   170  clock_setting.o(i.SetSysClock)
    Siren                                    0x000013f5   Thumb Code    34  port_b.o(i.Siren)
    SteeringLS1                              0x00001421   Thumb Code    18  port_k.o(i.SteeringLS1)
    SteeringLS2                              0x00001439   Thumb Code    18  port_k.o(i.SteeringLS2)
    SteeringMotor                            0x00001451   Thumb Code    28  port_p.o(i.SteeringMotor)
    Stop                                     0x00001475   Thumb Code    52  bt_control.o(i.Stop)
    SystemInit                               0x000014a9   Thumb Code    20  system_tm4c129.o(i.SystemInit)
    TIMER0A_Handler                          0x000014c9   Thumb Code    60  timera0.o(i.TIMER0A_Handler)
    TIMER1A_Handler                          0x0000150d   Thumb Code    88  timera1.o(i.TIMER1A_Handler)
    UART2_Handler                            0x0000156d   Thumb Code    64  port_a.o(i.UART2_Handler)
    UART3_Handler                            0x000015b5   Thumb Code    92  port_a.o(i.UART3_Handler)
    UpdateDistances                          0x00001625   Thumb Code    20  handleincen.o(i.UpdateDistances)
    init_ADC                                 0x00001641   Thumb Code   154  port_d.o(i.init_ADC)
    init_SSI2                                0x000016ed   Thumb Code   166  port_d.o(i.init_SSI2)
    main                                     0x000017ad   Thumb Code   116  test_bt_fw.o(i.main)
    __aeabi_d2iz                             0x0000182d   Thumb Code     0  dfix.o(x$fpl$dfix)
    _dfix                                    0x0000182d   Thumb Code    94  dfix.o(x$fpl$dfix)
    __aeabi_i2d                              0x0000188b   Thumb Code     0  dflt_clz.o(x$fpl$dflt)
    _dflt                                    0x0000188b   Thumb Code    46  dflt_clz.o(x$fpl$dflt)
    __aeabi_dmul                             0x000018b9   Thumb Code     0  dmul.o(x$fpl$dmul)
    _dmul                                    0x000018b9   Thumb Code   332  dmul.o(x$fpl$dmul)
    __fpl_dnaninf                            0x00001a0d   Thumb Code   156  dnaninf.o(x$fpl$dnaninf)
    __fpl_dretinf                            0x00001aa9   Thumb Code    12  dretinf.o(x$fpl$dretinf)
    _fp_init                                 0x00001ab5   Thumb Code    10  fpinit.o(x$fpl$fpinit)
    __fplib_config_fpu_vfp                   0x00001abd   Thumb Code     0  fpinit.o(x$fpl$fpinit)
    __fplib_config_pureend_doubles           0x00001abd   Thumb Code     0  fpinit.o(x$fpl$fpinit)
    __I$use$fp                               0x00001abe   Number         0  usenofp.o(x$fpl$usenofp)
    Region$$Table$$Base                      0x00001ac0   Number         0  anon$$obj.o(Region$$Table)
    Region$$Table$$Limit                     0x00001ae0   Number         0  anon$$obj.o(Region$$Table)
    RxInd                                    0x20000000   Data           1  globalvariables.o(.data)
    SpeedR                                   0x20000001   Data           1  globalvariables.o(.data)
    SpeedL                                   0x20000002   Data           1  globalvariables.o(.data)
    REC                                      0x20000003   Data           1  globalvariables.o(.data)
    REncoder                                 0x20000004   Data           4  globalvariables.o(.data)
    LEncoder                                 0x20000008   Data           4  globalvariables.o(.data)
    oldREncoder                              0x2000000c   Data           4  globalvariables.o(.data)
    oldLEncoder                              0x20000010   Data           4  globalvariables.o(.data)
    CurrentDistanceR                         0x20000014   Data           2  globalvariables.o(.data)
    CurrentDistanceL                         0x20000016   Data           2  globalvariables.o(.data)
    IncEnFactor                              0x20000018   Data           8  globalvariables.o(.data)
    hundMill                                 0x20000020   Data           8  globalvariables.o(.data)
    hundM                                    0x20000028   Data           8  globalvariables.o(.data)
    SystemCoreClock                          0x20000030   Data           4  system_tm4c129.o(.data)
    T_MSG_OUT                                0x20000034   Data          11  globalvariables.o(.bss)
    T_MSG_IN                                 0x2000003f   Data           9  globalvariables.o(.bss)
    __libspace_start                         0x20000048   Data          96  libspace.o(.bss)
    __temporary_stack_top$libspace           0x200000a8   Data           0  libspace.o(.bss)



==============================================================================

Memory Map of the image

  Image Entry point : 0x000002a1

  Load Region LR_1 (Base: 0x00000000, Size: 0x00001b14, Max: 0xffffffff, ABSOLUTE)

    Execution Region ER_RO (Exec base: 0x00000000, Load base: 0x00000000, Size: 0x00001ae0, Max: 0xffffffff, ABSOLUTE)

    Exec Addr    Load Addr    Size         Type   Attr      Idx    E Section Name        Object

    0x00000000   0x00000000   0x00000200   Data   RO          887    RESET               startup_tm4c129.o
    0x00000200   0x00000200   0x00000008   Code   RO          942  * !!!main             c_w.l(__main.o)
    0x00000208   0x00000208   0x00000034   Code   RO         1116    !!!scatter          c_w.l(__scatter.o)
    0x0000023c   0x0000023c   0x0000001a   Code   RO         1118    !!handler_copy      c_w.l(__scatter_copy.o)
    0x00000256   0x00000256   0x00000002   PAD
    0x00000258   0x00000258   0x0000001c   Code   RO         1120    !!handler_zi        c_w.l(__scatter_zi.o)
    0x00000274   0x00000274   0x00000002   Code   RO          986    .ARM.Collect$$libinit$$00000000  c_w.l(libinit.o)
    0x00000276   0x00000276   0x00000004   Code   RO          992    .ARM.Collect$$libinit$$00000001  c_w.l(libinit2.o)
    0x0000027a   0x0000027a   0x00000000   Code   RO          995    .ARM.Collect$$libinit$$00000004  c_w.l(libinit2.o)
    0x0000027a   0x0000027a   0x00000000   Code   RO          998    .ARM.Collect$$libinit$$0000000A  c_w.l(libinit2.o)
    0x0000027a   0x0000027a   0x00000000   Code   RO         1000    .ARM.Collect$$libinit$$0000000C  c_w.l(libinit2.o)
    0x0000027a   0x0000027a   0x00000000   Code   RO         1002    .ARM.Collect$$libinit$$0000000E  c_w.l(libinit2.o)
    0x0000027a   0x0000027a   0x00000000   Code   RO         1005    .ARM.Collect$$libinit$$00000011  c_w.l(libinit2.o)
    0x0000027a   0x0000027a   0x00000000   Code   RO         1007    .ARM.Collect$$libinit$$00000013  c_w.l(libinit2.o)
    0x0000027a   0x0000027a   0x00000000   Code   RO         1009    .ARM.Collect$$libinit$$00000015  c_w.l(libinit2.o)
    0x0000027a   0x0000027a   0x00000000   Code   RO         1011    .ARM.Collect$$libinit$$00000017  c_w.l(libinit2.o)
    0x0000027a   0x0000027a   0x00000000   Code   RO         1013    .ARM.Collect$$libinit$$00000019  c_w.l(libinit2.o)
    0x0000027a   0x0000027a   0x00000000   Code   RO         1015    .ARM.Collect$$libinit$$0000001B  c_w.l(libinit2.o)
    0x0000027a   0x0000027a   0x00000000   Code   RO         1017    .ARM.Collect$$libinit$$0000001D  c_w.l(libinit2.o)
    0x0000027a   0x0000027a   0x00000000   Code   RO         1019    .ARM.Collect$$libinit$$0000001F  c_w.l(libinit2.o)
    0x0000027a   0x0000027a   0x00000000   Code   RO         1021    .ARM.Collect$$libinit$$00000021  c_w.l(libinit2.o)
    0x0000027a   0x0000027a   0x00000000   Code   RO         1023    .ARM.Collect$$libinit$$00000023  c_w.l(libinit2.o)
    0x0000027a   0x0000027a   0x00000000   Code   RO         1025    .ARM.Collect$$libinit$$00000025  c_w.l(libinit2.o)
    0x0000027a   0x0000027a   0x00000000   Code   RO         1029    .ARM.Collect$$libinit$$0000002C  c_w.l(libinit2.o)
    0x0000027a   0x0000027a   0x00000000   Code   RO         1031    .ARM.Collect$$libinit$$0000002E  c_w.l(libinit2.o)
    0x0000027a   0x0000027a   0x00000000   Code   RO         1033    .ARM.Collect$$libinit$$00000030  c_w.l(libinit2.o)
    0x0000027a   0x0000027a   0x00000000   Code   RO         1035    .ARM.Collect$$libinit$$00000032  c_w.l(libinit2.o)
    0x0000027a   0x0000027a   0x00000002   Code   RO         1036    .ARM.Collect$$libinit$$00000033  c_w.l(libinit2.o)
    0x0000027c   0x0000027c   0x00000002   Code   RO         1056    .ARM.Collect$$libshutdown$$00000000  c_w.l(libshutdown.o)
    0x0000027e   0x0000027e   0x00000000   Code   RO         1069    .ARM.Collect$$libshutdown$$00000002  c_w.l(libshutdown2.o)
    0x0000027e   0x0000027e   0x00000000   Code   RO         1071    .ARM.Collect$$libshutdown$$00000004  c_w.l(libshutdown2.o)
    0x0000027e   0x0000027e   0x00000000   Code   RO         1074    .ARM.Collect$$libshutdown$$00000007  c_w.l(libshutdown2.o)
    0x0000027e   0x0000027e   0x00000000   Code   RO         1077    .ARM.Collect$$libshutdown$$0000000A  c_w.l(libshutdown2.o)
    0x0000027e   0x0000027e   0x00000000   Code   RO         1079    .ARM.Collect$$libshutdown$$0000000C  c_w.l(libshutdown2.o)
    0x0000027e   0x0000027e   0x00000000   Code   RO         1082    .ARM.Collect$$libshutdown$$0000000F  c_w.l(libshutdown2.o)
    0x0000027e   0x0000027e   0x00000002   Code   RO         1083    .ARM.Collect$$libshutdown$$00000010  c_w.l(libshutdown2.o)
    0x00000280   0x00000280   0x00000000   Code   RO          956    .ARM.Collect$$rtentry$$00000000  c_w.l(__rtentry.o)
    0x00000280   0x00000280   0x00000000   Code   RO          963    .ARM.Collect$$rtentry$$00000002  c_w.l(__rtentry2.o)
    0x00000280   0x00000280   0x00000006   Code   RO          975    .ARM.Collect$$rtentry$$00000004  c_w.l(__rtentry4.o)
    0x00000286   0x00000286   0x00000000   Code   RO          965    .ARM.Collect$$rtentry$$00000009  c_w.l(__rtentry2.o)
    0x00000286   0x00000286   0x00000004   Code   RO          966    .ARM.Collect$$rtentry$$0000000A  c_w.l(__rtentry2.o)
    0x0000028a   0x0000028a   0x00000000   Code   RO          968    .ARM.Collect$$rtentry$$0000000C  c_w.l(__rtentry2.o)
    0x0000028a   0x0000028a   0x00000008   Code   RO          969    .ARM.Collect$$rtentry$$0000000D  c_w.l(__rtentry2.o)
    0x00000292   0x00000292   0x00000002   Code   RO          990    .ARM.Collect$$rtexit$$00000000  c_w.l(rtexit.o)
    0x00000294   0x00000294   0x00000000   Code   RO         1038    .ARM.Collect$$rtexit$$00000002  c_w.l(rtexit2.o)
    0x00000294   0x00000294   0x00000004   Code   RO         1039    .ARM.Collect$$rtexit$$00000003  c_w.l(rtexit2.o)
    0x00000298   0x00000298   0x00000006   Code   RO         1040    .ARM.Collect$$rtexit$$00000004  c_w.l(rtexit2.o)
    0x0000029e   0x0000029e   0x00000002   PAD
    0x000002a0   0x000002a0   0x0000012c   Code   RO          888  * .text               startup_tm4c129.o
    0x000003cc   0x000003cc   0x00000006   Code   RO          940    .text               c_w.l(heapauxi.o)
    0x000003d2   0x000003d2   0x0000004a   Code   RO          977    .text               c_w.l(sys_stackheap_outer.o)
    0x0000041c   0x0000041c   0x00000012   Code   RO          979    .text               c_w.l(exit.o)
    0x0000042e   0x0000042e   0x00000002   PAD
    0x00000430   0x00000430   0x00000008   Code   RO          987    .text               c_w.l(libspace.o)
    0x00000438   0x00000438   0x0000000c   Code   RO         1048    .text               c_w.l(sys_exit.o)
    0x00000444   0x00000444   0x00000002   Code   RO         1059    .text               c_w.l(use_no_semi.o)
    0x00000446   0x00000446   0x00000000   Code   RO         1061    .text               c_w.l(indicate_semi.o)
    0x00000446   0x00000446   0x00000156   Code   RO          541    i.BT_TakeAction     bt_control.o
    0x0000059c   0x0000059c   0x00000018   Code   RO          418    i.BackLS            port_k.o
    0x000005b4   0x000005b4   0x00000024   Code   RO          628    i.ClearT_MSG_IN     rb_protocol.o
    0x000005d8   0x000005d8   0x000000b8   Code   RO          629    i.CreateMsg         rb_protocol.o
    0x00000690   0x00000690   0x00000040   Code   RO          807    i.FindDistanceL     handleincen.o
    0x000006d0   0x000006d0   0x00000040   Code   RO          808    i.FindDistanceR     handleincen.o
    0x00000710   0x00000710   0x0000009c   Code   RO          809    i.FindSpeed         handleincen.o
    0x000007ac   0x000007ac   0x00000044   Code   RO          202    i.GPIOC_Handler     port_c.o
    0x000007f0   0x000007f0   0x00000044   Code   RO          385    i.GPIOH_Handler     port_h.o
    0x00000834   0x00000834   0x000000bc   Code   RO          630    i.HandleInputMSG    rb_protocol.o
    0x000008f0   0x000008f0   0x00000018   Code   RO          810    i.InitDistanceFactor  handleincen.o
    0x00000908   0x00000908   0x00000010   Code   RO           57    i.InitPortA         port_a.o
    0x00000918   0x00000918   0x00000054   Code   RO          163    i.InitPortB         port_b.o
    0x0000096c   0x0000096c   0x000000b4   Code   RO          203    i.InitPortC         port_c.o
    0x00000a20   0x00000a20   0x0000000c   Code   RO          240    i.InitPortD         port_d.o
    0x00000a2c   0x00000a2c   0x00000034   Code   RO          295    i.InitPortE         port_e.o
    0x00000a60   0x00000a60   0x0000000c   Code   RO          328    i.InitPortF         port_f.o
    0x00000a6c   0x00000a6c   0x000000ac   Code   RO          386    i.InitPortH         port_h.o
    0x00000b18   0x00000b18   0x00000024   Code   RO          419    i.InitPortK         port_k.o
    0x00000b3c   0x00000b3c   0x00000034   Code   RO          463    i.InitPortN         port_n.o
    0x00000b70   0x00000b70   0x00000038   Code   RO          496    i.InitPortP         port_p.o
    0x00000ba8   0x00000ba8   0x000000ec   Code   RO          329    i.Init_PWM1_PF0_PF1  port_f.o
    0x00000c94   0x00000c94   0x000000c4   Code   RO          330    i.Init_PWM1_PF2     port_f.o
    0x00000d58   0x00000d58   0x00000064   Code   RO          752    i.InitializeTimer0A  timera0.o
    0x00000dbc   0x00000dbc   0x00000064   Code   RO          858    i.InitializeTimer1A  timera1.o
    0x00000e20   0x00000e20   0x00000030   Code   RO          164    i.Lamp              port_b.o
    0x00000e50   0x00000e50   0x00000028   Code   RO          497    i.LeftMotor         port_p.o
    0x00000e78   0x00000e78   0x000000ba   Code   RO          592    i.PrintDEC_Monitor  print_num.o
    0x00000f32   0x00000f32   0x00000002   PAD
    0x00000f34   0x00000f34   0x00000028   Code   RO          631    i.PrintMSG          rb_protocol.o
    0x00000f5c   0x00000f5c   0x00000010   Code   RO          296    i.ReadLF1           port_e.o
    0x00000f6c   0x00000f6c   0x00000010   Code   RO          464    i.ReadLF2           port_n.o
    0x00000f7c   0x00000f7c   0x00000064   Code   RO          241    i.Read_SSI2         port_d.o
    0x00000fe0   0x00000fe0   0x00000028   Code   RO          498    i.RightMotor        port_p.o
    0x00001008   0x00001008   0x000000c0   Code   RO           59    i.SER0_Initialize   port_a.o
    0x000010c8   0x000010c8   0x0000001c   Code   RO           60    i.SER0_PutChar      port_a.o
    0x000010e4   0x000010e4   0x000000e8   Code   RO           62    i.SER2_Initialize   port_a.o
    0x000011cc   0x000011cc   0x000000e8   Code   RO           65    i.SER3_Initialize   port_a.o
    0x000012b4   0x000012b4   0x0000001c   Code   RO           66    i.SER3_PutChar      port_a.o
    0x000012d0   0x000012d0   0x0000001c   Code   RO          632    i.SendReadings      rb_protocol.o
    0x000012ec   0x000012ec   0x0000001c   Code   RO          331    i.SetDuty_PWM1      port_f.o
    0x00001308   0x00001308   0x0000001c   Code   RO          332    i.SetDuty_PWM2      port_f.o
    0x00001324   0x00001324   0x0000001c   Code   RO          333    i.SetDuty_PWM3      port_f.o
    0x00001340   0x00001340   0x000000b4   Code   RO            4    i.SetSysClock       clock_setting.o
    0x000013f4   0x000013f4   0x0000002c   Code   RO          165    i.Siren             port_b.o
    0x00001420   0x00001420   0x00000018   Code   RO          420    i.SteeringLS1       port_k.o
    0x00001438   0x00001438   0x00000018   Code   RO          421    i.SteeringLS2       port_k.o
    0x00001450   0x00001450   0x00000024   Code   RO          499    i.SteeringMotor     port_p.o
    0x00001474   0x00001474   0x00000034   Code   RO          542    i.Stop              bt_control.o
    0x000014a8   0x000014a8   0x00000020   Code   RO          896    i.SystemInit        system_tm4c129.o
    0x000014c8   0x000014c8   0x00000044   Code   RO          753    i.TIMER0A_Handler   timera0.o
    0x0000150c   0x0000150c   0x00000060   Code   RO          859    i.TIMER1A_Handler   timera1.o
    0x0000156c   0x0000156c   0x00000048   Code   RO           67    i.UART2_Handler     port_a.o
    0x000015b4   0x000015b4   0x00000070   Code   RO           68    i.UART3_Handler     port_a.o
    0x00001624   0x00001624   0x0000001c   Code   RO          811    i.UpdateDistances   handleincen.o
    0x00001640   0x00001640   0x000000ac   Code   RO          242    i.init_ADC          port_d.o
    0x000016ec   0x000016ec   0x000000c0   Code   RO          243    i.init_SSI2         port_d.o
    0x000017ac   0x000017ac   0x00000080   Code   RO          692    i.main              test_bt_fw.o
    0x0000182c   0x0000182c   0x0000005e   Code   RO          944    x$fpl$dfix          fz_wm.l(dfix.o)
    0x0000188a   0x0000188a   0x0000002e   Code   RO          949    x$fpl$dflt          fz_wm.l(dflt_clz.o)
    0x000018b8   0x000018b8   0x00000154   Code   RO          954    x$fpl$dmul          fz_wm.l(dmul.o)
    0x00001a0c   0x00001a0c   0x0000009c   Code   RO          957    x$fpl$dnaninf       fz_wm.l(dnaninf.o)
    0x00001aa8   0x00001aa8   0x0000000c   Code   RO          959    x$fpl$dretinf       fz_wm.l(dretinf.o)
    0x00001ab4   0x00001ab4   0x0000000a   Code   RO         1046    x$fpl$fpinit        fz_wm.l(fpinit.o)
    0x00001abe   0x00001abe   0x00000000   Code   RO          961    x$fpl$usenofp       fz_wm.l(usenofp.o)
    0x00001abe   0x00001abe   0x00000002   PAD
    0x00001ac0   0x00001ac0   0x00000020   Data   RO         1114    Region$$Table       anon$$obj.o


    Execution Region ER_RW (Exec base: 0x20000000, Load base: 0x00001ae0, Size: 0x00000034, Max: 0xffffffff, ABSOLUTE)

    Exec Addr    Load Addr    Size         Type   Attr      Idx    E Section Name        Object

    0x20000000   0x00001ae0   0x00000030   Data   RW          783    .data               globalvariables.o
    0x20000030   0x00001b10   0x00000004   Data   RW          897    .data               system_tm4c129.o


    Execution Region ER_ZI (Exec base: 0x20000034, Load base: 0x00001b14, Size: 0x00000274, Max: 0xffffffff, ABSOLUTE)

    Exec Addr    Load Addr    Size         Type   Attr      Idx    E Section Name        Object

    0x20000034        -       0x00000014   Zero   RW          782    .bss                globalvariables.o
    0x20000048        -       0x00000060   Zero   RW          988    .bss                c_w.l(libspace.o)
    0x200000a8        -       0x00000000   Zero   RW          886    HEAP                startup_tm4c129.o
    0x200000a8        -       0x00000200   Zero   RW          885    STACK               startup_tm4c129.o


==============================================================================

Image component sizes


      Code (inc. data)   RO Data    RW Data    ZI Data      Debug   Object Name

       394          0          0          0          0       1139   bt_control.o
       180         10          0          0          0       5006   clock_setting.o
         0          0          0         48         20       1068   globalvariables.o
       336         66          0          0          0       2483   handleincen.o
       912        116          0          0          0       3976   port_a.o
       176         36          0          0          0       1327   port_b.o
       248         34          0          0          0        956   port_c.o
       476         56          0          0          0       1855   port_d.o
        68         20          0          0          0        854   port_e.o
       528         58          0          0          0       2837   port_f.o
       240         34          0          0          0        952   port_h.o
       108         28          0          0          0       1829   port_k.o
        68         20          0          0          0        854   port_n.o
       172         40          0          0          0       1777   port_p.o
       186          0          0          0          0        691   print_num.o
       476         46          0          0          0       2635   rb_protocol.o
       300         22        512          0        512       5996   startup_tm4c129.o
        32         12          0          4          0        699   system_tm4c129.o
       128         12          0          0          0        519   test_bt_fw.o
       168         26          0          0          0        942   timera0.o
       196         24          0          0          0        962   timera1.o

    ----------------------------------------------------------------------
      5394        660        544         52        532      39357   Object Totals
         0          0         32          0          0          0   (incl. Generated)
         2          0          0          0          0          0   (incl. Padding)

    ----------------------------------------------------------------------

      Code (inc. data)   RO Data    RW Data    ZI Data      Debug   Library Member Name

         8          0          0          0          0         68   __main.o
         0          0          0          0          0          0   __rtentry.o
        12          0          0          0          0          0   __rtentry2.o
         6          0          0          0          0          0   __rtentry4.o
        52          8          0          0          0          0   __scatter.o
        26          0          0          0          0          0   __scatter_copy.o
        28          0          0          0          0          0   __scatter_zi.o
        18          0          0          0          0         80   exit.o
         6          0          0          0          0        152   heapauxi.o
         0          0          0          0          0          0   indicate_semi.o
         2          0          0          0          0          0   libinit.o
         6          0          0          0          0          0   libinit2.o
         2          0          0          0          0          0   libshutdown.o
         2          0          0          0          0          0   libshutdown2.o
         8          4          0          0         96         68   libspace.o
         2          0          0          0          0          0   rtexit.o
        10          0          0          0          0          0   rtexit2.o
        12          4          0          0          0         68   sys_exit.o
        74          0          0          0          0         80   sys_stackheap_outer.o
         2          0          0          0          0         68   use_no_semi.o
        94          4          0          0          0        140   dfix.o
        46          0          0          0          0        116   dflt_clz.o
       340         12          0          0          0        152   dmul.o
       156          4          0          0          0        140   dnaninf.o
        12          0          0          0          0        116   dretinf.o
        10          0          0          0          0        116   fpinit.o
         0          0          0          0          0          0   usenofp.o

    ----------------------------------------------------------------------
       942         36          0          0         96       1364   Library Totals
         8          0          0          0          0          0   (incl. Padding)

    ----------------------------------------------------------------------

      Code (inc. data)   RO Data    RW Data    ZI Data      Debug   Library Name

       276         16          0          0         96        584   c_w.l
       658         20          0          0          0        780   fz_wm.l

    ----------------------------------------------------------------------
       942         36          0          0         96       1364   Library Totals

    ----------------------------------------------------------------------

==============================================================================


      Code (inc. data)   RO Data    RW Data    ZI Data      Debug   

      6336        696        544         52        628      35065   Grand Totals
      6336        696        544         52        628      35065   ELF Image Totals
      6336        696        544         52          0          0   ROM Totals

==============================================================================

    Total RO  Size (Code + RO Data)                 6880 (   6.72kB)
    Total RW  Size (RW Data + ZI Data)               680 (   0.66kB)
    Total ROM Size (Code + RO Data + RW Data)       6932 (   6.77kB)

==============================================================================

